Archive member included to satisfy reference by file (symbol)

C:\Directory\geng422\DevelopmentSystem\nucleo-l152re_hal_lib\Debug\libnucleo-l152re_hal_lib.a(stm32l1xx_hal.o)
                              src/stm32l1xx_it.o (HAL_IncTick)
C:\Directory\geng422\DevelopmentSystem\nucleo-l152re_hal_lib\Debug\libnucleo-l152re_hal_lib.a(stm32l1xx_hal_cortex.o)
                              C:\Directory\geng422\DevelopmentSystem\nucleo-l152re_hal_lib\Debug\libnucleo-l152re_hal_lib.a(stm32l1xx_hal.o) (HAL_NVIC_SetPriorityGrouping)
C:\Directory\geng422\DevelopmentSystem\nucleo-l152re_hal_lib\Debug\libnucleo-l152re_hal_lib.a(stm32l1xx_ll_utils.o)
                              src/clock.o (LL_Init1msTick)
c:/ac6/systemworkbench/plugins/fr.ac6.mcu.externaltools.arm-none.win32_1.17.0.201812190825/tools/compiler/bin/../lib/gcc/arm-none-eabi/7.3.1/../../../../arm-none-eabi/lib/thumb/v7-m\libc.a(lib_a-errno.o)
                              src/syscalls.o (__errno)
c:/ac6/systemworkbench/plugins/fr.ac6.mcu.externaltools.arm-none.win32_1.17.0.201812190825/tools/compiler/bin/../lib/gcc/arm-none-eabi/7.3.1/../../../../arm-none-eabi/lib/thumb/v7-m\libc.a(lib_a-exit.o)
                              c:/ac6/systemworkbench/plugins/fr.ac6.mcu.externaltools.arm-none.win32_1.17.0.201812190825/tools/compiler/bin/../lib/gcc/arm-none-eabi/7.3.1/../../../../arm-none-eabi/lib/thumb/v7-m/crt0.o (exit)
c:/ac6/systemworkbench/plugins/fr.ac6.mcu.externaltools.arm-none.win32_1.17.0.201812190825/tools/compiler/bin/../lib/gcc/arm-none-eabi/7.3.1/../../../../arm-none-eabi/lib/thumb/v7-m\libc.a(lib_a-impure.o)
                              c:/ac6/systemworkbench/plugins/fr.ac6.mcu.externaltools.arm-none.win32_1.17.0.201812190825/tools/compiler/bin/../lib/gcc/arm-none-eabi/7.3.1/../../../../arm-none-eabi/lib/thumb/v7-m\libc.a(lib_a-exit.o) (_global_impure_ptr)
c:/ac6/systemworkbench/plugins/fr.ac6.mcu.externaltools.arm-none.win32_1.17.0.201812190825/tools/compiler/bin/../lib/gcc/arm-none-eabi/7.3.1/../../../../arm-none-eabi/lib/thumb/v7-m\libc.a(lib_a-init.o)
                              c:/ac6/systemworkbench/plugins/fr.ac6.mcu.externaltools.arm-none.win32_1.17.0.201812190825/tools/compiler/bin/../lib/gcc/arm-none-eabi/7.3.1/../../../../arm-none-eabi/lib/thumb/v7-m/crt0.o (__libc_init_array)
c:/ac6/systemworkbench/plugins/fr.ac6.mcu.externaltools.arm-none.win32_1.17.0.201812190825/tools/compiler/bin/../lib/gcc/arm-none-eabi/7.3.1/../../../../arm-none-eabi/lib/thumb/v7-m\libc.a(lib_a-memset.o)
                              c:/ac6/systemworkbench/plugins/fr.ac6.mcu.externaltools.arm-none.win32_1.17.0.201812190825/tools/compiler/bin/../lib/gcc/arm-none-eabi/7.3.1/../../../../arm-none-eabi/lib/thumb/v7-m/crt0.o (memset)
c:/ac6/systemworkbench/plugins/fr.ac6.mcu.externaltools.arm-none.win32_1.17.0.201812190825/tools/compiler/bin/../lib/gcc/arm-none-eabi/7.3.1/../../../../arm-none-eabi/lib/thumb/v7-m\libc.a(lib_a-strlen-stub.o)
                              src/eprintf.o (strlen)
c:/ac6/systemworkbench/plugins/fr.ac6.mcu.externaltools.arm-none.win32_1.17.0.201812190825/tools/compiler/bin/../lib/gcc/arm-none-eabi/7.3.1/../../../../arm-none-eabi/lib/thumb/v7-m\libc.a(lib_a-__call_atexit.o)
                              c:/ac6/systemworkbench/plugins/fr.ac6.mcu.externaltools.arm-none.win32_1.17.0.201812190825/tools/compiler/bin/../lib/gcc/arm-none-eabi/7.3.1/../../../../arm-none-eabi/lib/thumb/v7-m\libc.a(lib_a-exit.o) (__call_exitprocs)
c:/ac6/systemworkbench/plugins/fr.ac6.mcu.externaltools.arm-none.win32_1.17.0.201812190825/tools/compiler/bin/../lib/gcc/arm-none-eabi/7.3.1/../../../../arm-none-eabi/lib/thumb/v7-m\libc.a(lib_a-atexit.o)
                              c:/ac6/systemworkbench/plugins/fr.ac6.mcu.externaltools.arm-none.win32_1.17.0.201812190825/tools/compiler/bin/../lib/gcc/arm-none-eabi/7.3.1/../../../../arm-none-eabi/lib/thumb/v7-m\libc.a(lib_a-__call_atexit.o) (atexit)
c:/ac6/systemworkbench/plugins/fr.ac6.mcu.externaltools.arm-none.win32_1.17.0.201812190825/tools/compiler/bin/../lib/gcc/arm-none-eabi/7.3.1/../../../../arm-none-eabi/lib/thumb/v7-m\libc.a(lib_a-fini.o)
                              c:/ac6/systemworkbench/plugins/fr.ac6.mcu.externaltools.arm-none.win32_1.17.0.201812190825/tools/compiler/bin/../lib/gcc/arm-none-eabi/7.3.1/../../../../arm-none-eabi/lib/thumb/v7-m\libc.a(lib_a-__call_atexit.o) (__libc_fini_array)
c:/ac6/systemworkbench/plugins/fr.ac6.mcu.externaltools.arm-none.win32_1.17.0.201812190825/tools/compiler/bin/../lib/gcc/arm-none-eabi/7.3.1/../../../../arm-none-eabi/lib/thumb/v7-m\libc.a(lib_a-lock.o)
                              c:/ac6/systemworkbench/plugins/fr.ac6.mcu.externaltools.arm-none.win32_1.17.0.201812190825/tools/compiler/bin/../lib/gcc/arm-none-eabi/7.3.1/../../../../arm-none-eabi/lib/thumb/v7-m\libc.a(lib_a-__call_atexit.o) (__retarget_lock_acquire_recursive)
[...]
Memory Configuration

Name             Origin             Length             Attributes
FLASH            0x08000000         0x00080000         xr
RAM              0x20000000         0x00014000         xrw
MEMORY_B1        0x60000000         0x00000000         xr
*default*        0x00000000         0xffffffff

Linker script and memory map

LOAD c:/ac6/systemworkbench/plugins/fr.ac6.mcu.externaltools.arm-none.win32_1.17.0.201812190825/tools/compiler/bin/../lib/gcc/arm-none-eabi/7.3.1/thumb/v7-m/crti.o
LOAD c:/ac6/systemworkbench/plugins/fr.ac6.mcu.externaltools.arm-none.win32_1.17.0.201812190825/tools/compiler/bin/../lib/gcc/arm-none-eabi/7.3.1/thumb/v7-m/crtbegin.o
LOAD c:/ac6/systemworkbench/plugins/fr.ac6.mcu.externaltools.arm-none.win32_1.17.0.201812190825/tools/compiler/bin/../lib/gcc/arm-none-eabi/7.3.1/../../../../arm-none-eabi/lib/thumb/v7-m/crt0.o
LOAD src/clock.o
LOAD src/dbg.o
LOAD src/eprintf.o
LOAD src/i2c.o
LOAD src/main.o
LOAD src/stm32l1xx_it.o
LOAD src/syscalls.o
LOAD src/system_stm32l1xx.o
LOAD src/uart.o
LOAD startup/startup_stm32l152xe.o
LOAD C:\Directory\geng422\DevelopmentSystem\nucleo-l152re_hal_lib\Debug\libnucleo-l152re_hal_lib.a
LOAD c:/ac6/systemworkbench/plugins/fr.ac6.mcu.externaltools.arm-none.win32_1.17.0.201812190825/tools/compiler/bin/../lib/gcc/arm-none-eabi/7.3.1/../../../../arm-none-eabi/lib/thumb/v7-m\libm.a
START GROUP
LOAD c:/ac6/systemworkbench/plugins/fr.ac6.mcu.externaltools.arm-none.win32_1.17.0.201812190825/tools/compiler/bin/../lib/gcc/arm-none-eabi/7.3.1/thumb/v7-m\libgcc.a
LOAD c:/ac6/systemworkbench/plugins/fr.ac6.mcu.externaltools.arm-none.win32_1.17.0.201812190825/tools/compiler/bin/../lib/gcc/arm-none-eabi/7.3.1/../../../../arm-none-eabi/lib/thumb/v7-m\libc.a
END GROUP
LOAD c:/ac6/systemworkbench/plugins/fr.ac6.mcu.externaltools.arm-none.win32_1.17.0.201812190825/tools/compiler/bin/../lib/gcc/arm-none-eabi/7.3.1/thumb/v7-m/crtend.o
LOAD c:/ac6/systemworkbench/plugins/fr.ac6.mcu.externaltools.arm-none.win32_1.17.0.201812190825/tools/compiler/bin/../lib/gcc/arm-none-eabi/7.3.1/thumb/v7-m/crtn.o
                0x20014000                _estack = 0x20014000
                0x00000200                _Min_Heap_Size = 0x200
                0x00000400                _Min_Stack_Size = 0x400

.isr_vector     0x08000000      0x13c
                0x08000000                . = ALIGN (0x4)
 *(.isr_vector)
 .isr_vector    0x08000000      0x13c startup/startup_stm32l152xe.o
                0x08000000                g_pfnVectors
                0x0800013c                . = ALIGN (0x4)

.text           0x0800013c     0x176c
                0x0800013c                . = ALIGN (0x4)
 *(.text)
 .text          0x0800013c       0x40 c:/ac6/systemworkbench/plugins/fr.ac6.mcu.externaltools.arm-none.win32_1.17.0.201812190825/tools/compiler/bin/../lib/gcc/arm-none-eabi/7.3.1/thumb/v7-m/crtbegin.o
 *(.text*)
 .text.LL_APB1_GRP1_EnableClock
                0x0800017c       0x30 src/clock.o
 .text.LL_PWR_SetRegulVoltageScaling
                0x080001ac       0x28 src/clock.o
 .text.LL_PWR_IsActiveFlag_VOS
                0x080001d4       0x24 src/clock.o
 .text.LL_RCC_HSI_Enable
                0x080001f8       0x1c src/clock.o
 .text.LL_RCC_HSI_IsReady
                0x08000214       0x24 src/clock.o
 .text.LL_RCC_SetSysClkSource
                0x08000238       0x28 src/clock.o
 .text.LL_RCC_GetSysClkSource
                0x08000260       0x18 src/clock.o
 .text.LL_RCC_SetAHBPrescaler
                0x08000278       0x28 src/clock.o
 .text.LL_RCC_SetAPB1Prescaler
                0x080002a0       0x28 src/clock.o
 .text.LL_RCC_SetAPB2Prescaler
                0x080002c8       0x28 src/clock.o
 .text.LL_RCC_PLL_Enable
                0x080002f0       0x1c src/clock.o
 .text.LL_RCC_PLL_IsReady
                0x0800030c       0x24 src/clock.o
 .text.LL_RCC_PLL_ConfigDomain_SYS
                0x08000330       0x34 src/clock.o
 .text.LL_FLASH_SetLatency
                0x08000364       0x28 src/clock.o
 .text.LL_FLASH_Enable64bitAccess
                0x0800038c       0x1c src/clock.o
 .text.ClockInit
                0x080003a8       0x9c src/clock.o
                0x080003a8                ClockInit
 .text.ClockWaitForTick
                0x08000444       0x24 src/clock.o
                0x08000444                ClockWaitForTick
 .text.LL_AHB1_GRP1_EnableClock
                0x08000468       0x30 src/dbg.o
 .text.LL_GPIO_SetPinMode
                0x08000498       0x58 src/dbg.o
 .text.LL_GPIO_ResetOutputPin
                0x080004f0       0x1a src/dbg.o
 *fill*         0x0800050a        0x2 
 .text.DbgInit  0x0800050c       0x24 src/dbg.o
                0x0800050c                DbgInit
 .text.eprintf  0x08000530      0x3bc src/eprintf.o
                0x08000530                eprintf
 .text.LeftFill
                0x080008ec       0xd4 src/eprintf.o
 .text.RightFill
                0x080009c0       0x64 src/eprintf.o
 .text.LL_AHB1_GRP1_EnableClock
                0x08000a24       0x30 src/i2c.o
 .text.LL_APB1_GRP1_EnableClock
                0x08000a54       0x30 src/i2c.o
 .text.I2cInit  0x08000a84       0x4c src/i2c.o
                0x08000a84                I2cInit
 .text.I2cWriteBuf
                0x08000ad0       0xb0 src/i2c.o
                0x08000ad0                I2cWriteBuf
 .text.I2cReadBuf
                0x08000b80      0x10c src/i2c.o
                0x08000b80                I2cReadBuf
 .text.LL_GPIO_SetOutputPin
                0x08000c8c       0x1a src/main.o
 .text.LL_GPIO_ResetOutputPin
                0x08000ca6       0x1a src/main.o
 .text.main     0x08000cc0      0x148 src/main.o
                0x08000cc0                main
 .text.SysTick_Handler
                0x08000e08       0x10 src/stm32l1xx_it.o
                0x08000e08                SysTick_Handler
 .text.SystemInit
                0x08000e18       0x68 src/system_stm32l1xx.o
                0x08000e18                SystemInit
 .text.NVIC_EnableIRQ
                0x08000e80       0x30 src/uart.o
 .text.NVIC_SetPriority
                0x08000eb0       0x54 src/uart.o
 .text.LL_AHB1_GRP1_EnableClock
                0x08000f04       0x30 src/uart.o
 .text.LL_APB1_GRP1_EnableClock
                0x08000f34       0x30 src/uart.o
 .text.LL_GPIO_SetPinMode
                0x08000f64       0x58 src/uart.o
 .text.LL_GPIO_SetPinOutputType
                0x08000fbc       0x2e src/uart.o
 .text.LL_GPIO_SetPinSpeed
                0x08000fea       0x58 src/uart.o
 .text.LL_GPIO_SetPinPull
                0x08001042       0x58 src/uart.o
 .text.LL_GPIO_SetAFPin_0_7
                0x0800109a       0x58 src/uart.o
 .text.LL_USART_Enable
                0x080010f2       0x1e src/uart.o
 .text.LL_USART_SetTransferDirection
                0x08001110       0x24 src/uart.o
 .text.LL_USART_ConfigCharacter
                0x08001134       0x3c src/uart.o
 .text.LL_USART_SetBaudRate
                0x08001170      0x16c src/uart.o
 .text.LL_USART_IsActiveFlag_RXNE
                0x080012dc       0x24 src/uart.o
 .text.LL_USART_IsActiveFlag_TXE
                0x08001300       0x24 src/uart.o
 .text.LL_USART_EnableIT_RXNE
                0x08001324       0x1e src/uart.o
 .text.LL_USART_EnableIT_TXE
                0x08001342       0x1e src/uart.o
 .text.LL_USART_DisableIT_TXE
                0x08001360       0x1e src/uart.o
 .text.LL_USART_ReceiveData8
                0x0800137e       0x18 src/uart.o
 .text.LL_USART_TransmitData8
                0x08001396       0x1c src/uart.o
 *fill*         0x080013b2        0x2 
 .text.UartInit
                0x080013b4       0xec src/uart.o
                0x080013b4                UartInit
 .text.UartCharWrite
                0x080014a0       0x70 src/uart.o
                0x080014a0                UartCharWrite
 .text.USART2_IRQHandler
                0x08001510       0xd4 src/uart.o
                0x08001510                USART2_IRQHandler
 .text.Reset_Handler
                0x080015e4       0x48 startup/startup_stm32l152xe.o
                0x080015e4                Reset_Handler
 .text.Default_Handler
                0x0800162c        0x2 startup/startup_stm32l152xe.o
                0x0800162c                RTC_Alarm_IRQHandler
                0x0800162c                EXTI2_IRQHandler
                0x0800162c                COMP_ACQ_IRQHandler
                0x0800162c                DebugMon_Handler
                0x0800162c                HardFault_Handler
                0x0800162c                TIM10_IRQHandler
                0x0800162c                USB_HP_IRQHandler
                0x0800162c                TIM6_IRQHandler
                0x0800162c                PVD_IRQHandler
                0x0800162c                PendSV_Handler
                0x0800162c                NMI_Handler
                0x0800162c                EXTI3_IRQHandler
                0x0800162c                EXTI0_IRQHandler
                0x0800162c                I2C2_EV_IRQHandler
                0x0800162c                UsageFault_Handler
                0x0800162c                SPI1_IRQHandler
                0x0800162c                USB_FS_WKUP_IRQHandler
                0x0800162c                DMA2_Channel2_IRQHandler
                0x0800162c                DMA1_Channel4_IRQHandler
                0x0800162c                ADC1_IRQHandler
                0x0800162c                USART3_IRQHandler
                0x0800162c                DMA1_Channel7_IRQHandler
                0x0800162c                LCD_IRQHandler
                0x0800162c                UART5_IRQHandler
                0x0800162c                TIM4_IRQHandler
                0x0800162c                DMA2_Channel1_IRQHandler
                0x0800162c                I2C1_EV_IRQHandler
                0x0800162c                DMA1_Channel6_IRQHandler
                0x0800162c                UART4_IRQHandler
                0x0800162c                DMA2_Channel4_IRQHandler
                0x0800162c                TIM3_IRQHandler
                0x0800162c                RCC_IRQHandler
                0x0800162c                DMA1_Channel1_IRQHandler
                0x0800162c                Default_Handler
                0x0800162c                EXTI15_10_IRQHandler
                0x0800162c                TIM7_IRQHandler
                0x0800162c                TIM5_IRQHandler
                0x0800162c                EXTI9_5_IRQHandler
                0x0800162c                TIM9_IRQHandler
                0x0800162c                TAMPER_STAMP_IRQHandler
                0x0800162c                RTC_WKUP_IRQHandler
                0x0800162c                SPI2_IRQHandler
                0x0800162c                MemManage_Handler
                0x0800162c                SVC_Handler
                0x0800162c                DMA2_Channel5_IRQHandler
                0x0800162c                DMA1_Channel5_IRQHandler
                0x0800162c                USB_LP_IRQHandler
                0x0800162c                EXTI4_IRQHandler
                0x0800162c                DMA1_Channel3_IRQHandler
                0x0800162c                COMP_IRQHandler
                0x0800162c                WWDG_IRQHandler
                0x0800162c                TIM2_IRQHandler
                0x0800162c                DAC_IRQHandler
                0x0800162c                EXTI1_IRQHandler
                0x0800162c                TIM11_IRQHandler
                0x0800162c                I2C2_ER_IRQHandler
                0x0800162c                DMA1_Channel2_IRQHandler
                0x0800162c                FLASH_IRQHandler
                0x0800162c                BusFault_Handler
                0x0800162c                USART1_IRQHandler
                0x0800162c                SPI3_IRQHandler
                0x0800162c                I2C1_ER_IRQHandler
                0x0800162c                DMA2_Channel3_IRQHandler
 *fill*         0x0800162e        0x2 
 .text.HAL_IncTick
                0x08001630       0x1c C:\Directory\geng422\DevelopmentSystem\nucleo-l152re_hal_lib\Debug\libnucleo-l152re_hal_lib.a(stm32l1xx_hal.o)
                0x08001630                HAL_IncTick
 .text.HAL_SYSTICK_IRQHandler
                0x0800164c        0xc C:\Directory\geng422\DevelopmentSystem\nucleo-l152re_hal_lib\Debug\libnucleo-l152re_hal_lib.a(stm32l1xx_hal_cortex.o)
                0x0800164c                HAL_SYSTICK_IRQHandler
 .text.HAL_SYSTICK_Callback
                0x08001658        0xc C:\Directory\geng422\DevelopmentSystem\nucleo-l152re_hal_lib\Debug\libnucleo-l152re_hal_lib.a(stm32l1xx_hal_cortex.o)
                0x08001658                HAL_SYSTICK_Callback
 .text.LL_InitTick
                0x08001664       0x34 C:\Directory\geng422\DevelopmentSystem\nucleo-l152re_hal_lib\Debug\libnucleo-l152re_hal_lib.a(stm32l1xx_ll_utils.o)
 .text.LL_Init1msTick
                0x08001698       0x1a C:\Directory\geng422\DevelopmentSystem\nucleo-l152re_hal_lib\Debug\libnucleo-l152re_hal_lib.a(stm32l1xx_ll_utils.o)
                0x08001698                LL_Init1msTick
 *fill*         0x080016b2        0x2 
 .text.LL_SetSystemCoreClock
                0x080016b4       0x1c C:\Directory\geng422\DevelopmentSystem\nucleo-l152re_hal_lib\Debug\libnucleo-l152re_hal_lib.a(stm32l1xx_ll_utils.o)
                0x080016b4                LL_SetSystemCoreClock
 .text.__libc_init_array
                0x080016d0       0x48 c:/ac6/systemworkbench/plugins/fr.ac6.mcu.externaltools.arm-none.win32_1.17.0.201812190825/tools/compiler/bin/../lib/gcc/arm-none-eabi/7.3.1/../../../../arm-none-eabi/lib/thumb/v7-m\libc.a(lib_a-init.o)
                0x080016d0                __libc_init_array
 .text.strlen   0x08001718       0x5c c:/ac6/systemworkbench/plugins/fr.ac6.mcu.externaltools.arm-none.win32_1.17.0.201812190825/tools/compiler/bin/../lib/gcc/arm-none-eabi/7.3.1/../../../../arm-none-eabi/lib/thumb/v7-m\libc.a(lib_a-strlen-stub.o)
                0x08001718                strlen
 .text.startup.register_fini
                0x08001774       0x14 c:/ac6/systemworkbench/plugins/fr.ac6.mcu.externaltools.arm-none.win32_1.17.0.201812190825/tools/compiler/bin/../lib/gcc/arm-none-eabi/7.3.1/../../../../arm-none-eabi/lib/thumb/v7-m\libc.a(lib_a-__call_atexit.o)
 .text.atexit   0x08001788        0xc c:/ac6/systemworkbench/plugins/fr.ac6.mcu.externaltools.arm-none.win32_1.17.0.201812190825/tools/compiler/bin/../lib/gcc/arm-none-eabi/7.3.1/../../../../arm-none-eabi/lib/thumb/v7-m\libc.a(lib_a-atexit.o)
                0x08001788                atexit
 .text.__libc_fini_array
                0x08001794       0x34 c:/ac6/systemworkbench/plugins/fr.ac6.mcu.externaltools.arm-none.win32_1.17.0.201812190825/tools/compiler/bin/../lib/gcc/arm-none-eabi/7.3.1/../../../../arm-none-eabi/lib/thumb/v7-m\libc.a(lib_a-fini.o)
                0x08001794                __libc_fini_array
 .text.__retarget_lock_acquire_recursive
                0x080017c8        0x4 c:/ac6/systemworkbench/plugins/fr.ac6.mcu.externaltools.arm-none.win32_1.17.0.201812190825/tools/compiler/bin/../lib/gcc/arm-none-eabi/7.3.1/../../../../arm-none-eabi/lib/thumb/v7-m\libc.a(lib_a-lock.o)
                0x080017c8                __retarget_lock_acquire_recursive
 .text.__retarget_lock_release_recursive
                0x080017cc        0x4 c:/ac6/systemworkbench/plugins/fr.ac6.mcu.externaltools.arm-none.win32_1.17.0.201812190825/tools/compiler/bin/../lib/gcc/arm-none-eabi/7.3.1/../../../../arm-none-eabi/lib/thumb/v7-m\libc.a(lib_a-lock.o)
                0x080017cc                __retarget_lock_release_recursive
 .text.__register_exitproc
                0x080017d0       0xc0 c:/ac6/systemworkbench/plugins/fr.ac6.mcu.externaltools.arm-none.win32_1.17.0.201812190825/tools/compiler/bin/../lib/gcc/arm-none-eabi/7.3.1/../../../../arm-none-eabi/lib/thumb/v7-m\libc.a(lib_a-__atexit.o)
                0x080017d0                __register_exitproc
 *(.glue_7)
 .glue_7        0x08001890        0x0 linker stubs
 *(.glue_7t)
 .glue_7t       0x08001890        0x0 linker stubs
 *(.eh_frame)
 .eh_frame      0x08001890        0x0 c:/ac6/systemworkbench/plugins/fr.ac6.mcu.externaltools.arm-none.win32_1.17.0.201812190825/tools/compiler/bin/../lib/gcc/arm-none-eabi/7.3.1/thumb/v7-m/crtbegin.o
 *(.init)
 .init          0x08001890        0x4 c:/ac6/systemworkbench/plugins/fr.ac6.mcu.externaltools.arm-none.win32_1.17.0.201812190825/tools/compiler/bin/../lib/gcc/arm-none-eabi/7.3.1/thumb/v7-m/crti.o
                0x08001890                _init
 .init          0x08001894        0x8 c:/ac6/systemworkbench/plugins/fr.ac6.mcu.externaltools.arm-none.win32_1.17.0.201812190825/tools/compiler/bin/../lib/gcc/arm-none-eabi/7.3.1/thumb/v7-m/crtn.o
 *(.fini)
 .fini          0x0800189c        0x4 c:/ac6/systemworkbench/plugins/fr.ac6.mcu.externaltools.arm-none.win32_1.17.0.201812190825/tools/compiler/bin/../lib/gcc/arm-none-eabi/7.3.1/thumb/v7-m/crti.o
                0x0800189c                _fini
 .fini          0x080018a0        0x8 c:/ac6/systemworkbench/plugins/fr.ac6.mcu.externaltools.arm-none.win32_1.17.0.201812190825/tools/compiler/bin/../lib/gcc/arm-none-eabi/7.3.1/thumb/v7-m/crtn.o
                0x080018a8                . = ALIGN (0x4)
                0x080018a8                _etext = .

.vfp11_veneer   0x080018a8        0x0
 .vfp11_veneer  0x080018a8        0x0 linker stubs

.v4_bx          0x080018a8        0x0
 .v4_bx         0x080018a8        0x0 linker stubs

.iplt           0x080018a8        0x0
 .iplt          0x080018a8        0x0 c:/ac6/systemworkbench/plugins/fr.ac6.mcu.externaltools.arm-none.win32_1.17.0.201812190825/tools/compiler/bin/../lib/gcc/arm-none-eabi/7.3.1/thumb/v7-m/crtbegin.o

.rodata         0x080018a8       0xc8
                0x080018a8                . = ALIGN (0x4)
 *(.rodata)
 .rodata        0x080018a8       0x20 src/eprintf.o
 .rodata        0x080018c8       0xa1 src/main.o
 *(.rodata*)
 *fill*         0x08001969        0x3 
 .rodata._global_impure_ptr
                0x0800196c        0x4 c:/ac6/systemworkbench/plugins/fr.ac6.mcu.externaltools.arm-none.win32_1.17.0.201812190825/tools/compiler/bin/../lib/gcc/arm-none-eabi/7.3.1/../../../../arm-none-eabi/lib/thumb/v7-m\libc.a(lib_a-impure.o)
                0x0800196c                _global_impure_ptr
                0x08001970                . = ALIGN (0x4)

.rel.dyn        0x08001970        0x0
 .rel.iplt      0x08001970        0x0 c:/ac6/systemworkbench/plugins/fr.ac6.mcu.externaltools.arm-none.win32_1.17.0.201812190825/tools/compiler/bin/../lib/gcc/arm-none-eabi/7.3.1/thumb/v7-m/crtbegin.o

.ARM.extab
 *(.ARM.extab* .gnu.linkonce.armextab.*)

.ARM            0x08001970        0x0
                0x08001970                __exidx_start = .
 *(.ARM.exidx*)
                0x08001970                __exidx_end = .

.preinit_array  0x08001970        0x0
                0x08001970                PROVIDE (__preinit_array_start = .)
 *(.preinit_array*)
                0x08001970                PROVIDE (__preinit_array_end = .)

.init_array     0x08001970        0x8
                0x08001970                PROVIDE (__init_array_start = .)
 *(SORT_BY_NAME(.init_array.*))
 .init_array.00000
                0x08001970        0x4 c:/ac6/systemworkbench/plugins/fr.ac6.mcu.externaltools.arm-none.win32_1.17.0.201812190825/tools/compiler/bin/../lib/gcc/arm-none-eabi/7.3.1/../../../../arm-none-eabi/lib/thumb/v7-m\libc.a(lib_a-__call_atexit.o)
 *(.init_array*)
 .init_array    0x08001974        0x4 c:/ac6/systemworkbench/plugins/fr.ac6.mcu.externaltools.arm-none.win32_1.17.0.201812190825/tools/compiler/bin/../lib/gcc/arm-none-eabi/7.3.1/thumb/v7-m/crtbegin.o
                0x08001978                PROVIDE (__init_array_end = .)

.fini_array     0x08001978        0x4
                0x08001978                PROVIDE (__fini_array_start = .)
 *(SORT_BY_NAME(.fini_array.*))
 *(.fini_array*)
 .fini_array    0x08001978        0x4 c:/ac6/systemworkbench/plugins/fr.ac6.mcu.externaltools.arm-none.win32_1.17.0.201812190825/tools/compiler/bin/../lib/gcc/arm-none-eabi/7.3.1/thumb/v7-m/crtbegin.o
                0x0800197c                PROVIDE (__fini_array_end = .)
                0x0800197c                _sidata = LOADADDR (.data)

.data           0x20000000      0x434 load address 0x0800197c
                0x20000000                . = ALIGN (0x4)
                0x20000000                _sdata = .
 *(.data)
 .data          0x20000000        0x4 src/system_stm32l1xx.o
                0x20000000                SystemCoreClock
 *(.data*)
 *fill*         0x20000004        0x4 
 .data.impure_data
                0x20000008      0x428 c:/ac6/systemworkbench/plugins/fr.ac6.mcu.externaltools.arm-none.win32_1.17.0.201812190825/tools/compiler/bin/../lib/gcc/arm-none-eabi/7.3.1/../../../../arm-none-eabi/lib/thumb/v7-m\libc.a(lib_a-impure.o)
 .data.__atexit_recursive_mutex
                0x20000430        0x4 c:/ac6/systemworkbench/plugins/fr.ac6.mcu.externaltools.arm-none.win32_1.17.0.201812190825/tools/compiler/bin/../lib/gcc/arm-none-eabi/7.3.1/../../../../arm-none-eabi/lib/thumb/v7-m\libc.a(lib_a-__call_atexit.o)
                0x20000430                __atexit_recursive_mutex
 *(.RamFunc)
                0x20000434                . = ALIGN (0x4)
                0x20000434                _edata = .

.igot.plt       0x20000434        0x0 load address 0x08001db0
 .igot.plt      0x20000434        0x0 c:/ac6/systemworkbench/plugins/fr.ac6.mcu.externaltools.arm-none.win32_1.17.0.201812190825/tools/compiler/bin/../lib/gcc/arm-none-eabi/7.3.1/thumb/v7-m/crtbegin.o
                0x20000434                . = ALIGN (0x4)

.bss            0x20000434     0x2070 load address 0x08001db0
                0x20000434                _sbss = .
                0x20000434                __bss_start__ = _sbss
 *(.bss)
 .bss           0x20000434       0x1c c:/ac6/systemworkbench/plugins/fr.ac6.mcu.externaltools.arm-none.win32_1.17.0.201812190825/tools/compiler/bin/../lib/gcc/arm-none-eabi/7.3.1/thumb/v7-m/crtbegin.o
 .bss           0x20000450       0x1c src/eprintf.o
 .bss           0x2000046c     0x2010 src/uart.o
 *(.bss*)
 *(COMMON)
 COMMON         0x2000247c        0x4 C:\Directory\geng422\DevelopmentSystem\nucleo-l152re_hal_lib\Debug\libnucleo-l152re_hal_lib.a(stm32l1xx_hal.o)
                0x2000247c                uwTick
 COMMON         0x20002480       0x21 c:/ac6/systemworkbench/plugins/fr.ac6.mcu.externaltools.arm-none.win32_1.17.0.201812190825/tools/compiler/bin/../lib/gcc/arm-none-eabi/7.3.1/../../../../arm-none-eabi/lib/thumb/v7-m\libc.a(lib_a-lock.o)
                0x20002480                __lock___atexit_recursive_mutex
                0x20002484                __lock___arc4random_mutex
                0x20002488                __lock___env_recursive_mutex
                0x2000248c                __lock___sinit_recursive_mutex
                0x20002490                __lock___malloc_recursive_mutex
                0x20002494                __lock___at_quick_exit_mutex
                0x20002498                __lock___dd_hash_mutex
                0x2000249c                __lock___tz_mutex
                0x200024a0                __lock___sfp_recursive_mutex
                0x200024a4                . = ALIGN (0x4)
 *fill*         0x200024a1        0x3 
                0x200024a4                _ebss = .
                0x200024a4                __bss_end__ = _ebss

._user_heap_stack
                0x200024a4      0x604 load address 0x08001db0
                0x200024a8                . = ALIGN (0x8)
 *fill*         0x200024a4        0x4 
                0x200024a8                PROVIDE (end = .)
                [!provide]                PROVIDE (_end = .)
                0x200026a8                . = (. + _Min_Heap_Size)
 *fill*         0x200024a8      0x200 
                0x20002aa8                . = (. + _Min_Stack_Size)
 *fill*         0x200026a8      0x400 
                0x20002aa8                . = ALIGN (0x8)

.memory_b1_text
 *(.mb1text)
 *(.mb1text*)
 *(.mb1rodata)
 *(.mb1rodata*)

/DISCARD/
 libc.a(*)
 libm.a(*)
 libgcc.a(*)

.ARM.attributes
                0x00000000       0x29
 *(.ARM.attributes)
 .ARM.attributes
                0x00000000       0x1d c:/ac6/systemworkbench/plugins/fr.ac6.mcu.externaltools.arm-none.win32_1.17.0.201812190825/tools/compiler/bin/../lib/gcc/arm-none-eabi/7.3.1/thumb/v7-m/crti.o
 .ARM.attributes
                0x0000001d       0x2d c:/ac6/systemworkbench/plugins/fr.ac6.mcu.externaltools.arm-none.win32_1.17.0.201812190825/tools/compiler/bin/../lib/gcc/arm-none-eabi/7.3.1/thumb/v7-m/crtbegin.o
 .ARM.attributes
                0x0000004a       0x33 src/clock.o
 .ARM.attributes
                0x0000007d       0x33 src/dbg.o
 .ARM.attributes
                0x000000b0       0x33 src/eprintf.o
 .ARM.attributes
                0x000000e3       0x33 src/i2c.o
 .ARM.attributes
                0x00000116       0x33 src/main.o
 .ARM.attributes
                0x00000149       0x33 src/stm32l1xx_it.o
 .ARM.attributes
                0x0000017c       0x33 src/system_stm32l1xx.o
 .ARM.attributes
                0x000001af       0x33 src/uart.o
 .ARM.attributes
                0x000001e2       0x21 startup/startup_stm32l152xe.o
 .ARM.attributes
                0x00000203       0x33 C:\Directory\geng422\DevelopmentSystem\nucleo-l152re_hal_lib\Debug\libnucleo-l152re_hal_lib.a(stm32l1xx_hal.o)
 .ARM.attributes
                0x00000236       0x33 C:\Directory\geng422\DevelopmentSystem\nucleo-l152re_hal_lib\Debug\libnucleo-l152re_hal_lib.a(stm32l1xx_hal_cortex.o)
 .ARM.attributes
                0x00000269       0x33 C:\Directory\geng422\DevelopmentSystem\nucleo-l152re_hal_lib\Debug\libnucleo-l152re_hal_lib.a(stm32l1xx_ll_utils.o)
 .ARM.attributes
                0x0000029c       0x2d c:/ac6/systemworkbench/plugins/fr.ac6.mcu.externaltools.arm-none.win32_1.17.0.201812190825/tools/compiler/bin/../lib/gcc/arm-none-eabi/7.3.1/../../../../arm-none-eabi/lib/thumb/v7-m\libc.a(lib_a-impure.o)
 .ARM.attributes
                0x000002c9       0x2d c:/ac6/systemworkbench/plugins/fr.ac6.mcu.externaltools.arm-none.win32_1.17.0.201812190825/tools/compiler/bin/../lib/gcc/arm-none-eabi/7.3.1/../../../../arm-none-eabi/lib/thumb/v7-m\libc.a(lib_a-init.o)
 .ARM.attributes
                0x000002f6       0x2d c:/ac6/systemworkbench/plugins/fr.ac6.mcu.externaltools.arm-none.win32_1.17.0.201812190825/tools/compiler/bin/../lib/gcc/arm-none-eabi/7.3.1/../../../../arm-none-eabi/lib/thumb/v7-m\libc.a(lib_a-strlen-stub.o)
 .ARM.attributes
                0x00000323       0x2d c:/ac6/systemworkbench/plugins/fr.ac6.mcu.externaltools.arm-none.win32_1.17.0.201812190825/tools/compiler/bin/../lib/gcc/arm-none-eabi/7.3.1/../../../../arm-none-eabi/lib/thumb/v7-m\libc.a(lib_a-__call_atexit.o)
 .ARM.attributes
                0x00000350       0x2d c:/ac6/systemworkbench/plugins/fr.ac6.mcu.externaltools.arm-none.win32_1.17.0.201812190825/tools/compiler/bin/../lib/gcc/arm-none-eabi/7.3.1/../../../../arm-none-eabi/lib/thumb/v7-m\libc.a(lib_a-atexit.o)
 .ARM.attributes
                0x0000037d       0x2d c:/ac6/systemworkbench/plugins/fr.ac6.mcu.externaltools.arm-none.win32_1.17.0.201812190825/tools/compiler/bin/../lib/gcc/arm-none-eabi/7.3.1/../../../../arm-none-eabi/lib/thumb/v7-m\libc.a(lib_a-fini.o)
 .ARM.attributes
                0x000003aa       0x2d c:/ac6/systemworkbench/plugins/fr.ac6.mcu.externaltools.arm-none.win32_1.17.0.201812190825/tools/compiler/bin/../lib/gcc/arm-none-eabi/7.3.1/../../../../arm-none-eabi/lib/thumb/v7-m\libc.a(lib_a-lock.o)
 .ARM.attributes
                0x000003d7       0x2d c:/ac6/systemworkbench/plugins/fr.ac6.mcu.externaltools.arm-none.win32_1.17.0.201812190825/tools/compiler/bin/../lib/gcc/arm-none-eabi/7.3.1/../../../../arm-none-eabi/lib/thumb/v7-m\libc.a(lib_a-__atexit.o)
 .ARM.attributes
                0x00000404       0x1d c:/ac6/systemworkbench/plugins/fr.ac6.mcu.externaltools.arm-none.win32_1.17.0.201812190825/tools/compiler/bin/../lib/gcc/arm-none-eabi/7.3.1/thumb/v7-m/crtn.o
OUTPUT(Session25.elf elf32-littlearm)

.debug_info     0x00000000     0x9e46
 .debug_info    0x00000000      0xd81 src/clock.o
 .debug_info    0x00000d81      0xc1b src/dbg.o
 .debug_info    0x0000199c      0xb13 src/eprintf.o
 .debug_info    0x000024af      0xc84 src/i2c.o
 .debug_info    0x00003133      0xacb src/main.o
 .debug_info    0x00003bfe      0x96d src/stm32l1xx_it.o
 .debug_info    0x0000456b      0xc71 src/system_stm32l1xx.o
 .debug_info    0x000051dc     0x16bd src/uart.o
 .debug_info    0x00006899       0x22 startup/startup_stm32l152xe.o
 .debug_info    0x000068bb      0xf05 C:\Directory\geng422\DevelopmentSystem\nucleo-l152re_hal_lib\Debug\libnucleo-l152re_hal_lib.a(stm32l1xx_hal.o)
 .debug_info    0x000077c0     0x157e C:\Directory\geng422\DevelopmentSystem\nucleo-l152re_hal_lib\Debug\libnucleo-l152re_hal_lib.a(stm32l1xx_hal_cortex.o)
 .debug_info    0x00008d3e     0x1108 C:\Directory\geng422\DevelopmentSystem\nucleo-l152re_hal_lib\Debug\libnucleo-l152re_hal_lib.a(stm32l1xx_ll_utils.o)

.debug_abbrev   0x00000000     0x1be1
 .debug_abbrev  0x00000000      0x252 src/clock.o
 .debug_abbrev  0x00000252      0x292 src/dbg.o
 .debug_abbrev  0x000004e4      0x22b src/eprintf.o
 .debug_abbrev  0x0000070f      0x244 src/i2c.o
 .debug_abbrev  0x00000953      0x21f src/main.o
 .debug_abbrev  0x00000b72      0x1b1 src/stm32l1xx_it.o
 .debug_abbrev  0x00000d23      0x205 src/system_stm32l1xx.o
 .debug_abbrev  0x00000f28      0x353 src/uart.o
 .debug_abbrev  0x0000127b       0x12 startup/startup_stm32l152xe.o
 .debug_abbrev  0x0000128d      0x2a3 C:\Directory\geng422\DevelopmentSystem\nucleo-l152re_hal_lib\Debug\libnucleo-l152re_hal_lib.a(stm32l1xx_hal.o)
 .debug_abbrev  0x00001530      0x36b C:\Directory\geng422\DevelopmentSystem\nucleo-l152re_hal_lib\Debug\libnucleo-l152re_hal_lib.a(stm32l1xx_hal_cortex.o)
 .debug_abbrev  0x0000189b      0x346 C:\Directory\geng422\DevelopmentSystem\nucleo-l152re_hal_lib\Debug\libnucleo-l152re_hal_lib.a(stm32l1xx_ll_utils.o)

.debug_aranges  0x00000000      0x590
 .debug_aranges
                0x00000000       0xa0 src/clock.o
 .debug_aranges
                0x000000a0       0x38 src/dbg.o
 .debug_aranges
                0x000000d8       0x30 src/eprintf.o
 .debug_aranges
                0x00000108       0x40 src/i2c.o
 .debug_aranges
                0x00000148       0x30 src/main.o
 .debug_aranges
                0x00000178       0x20 src/stm32l1xx_it.o
 .debug_aranges
                0x00000198       0x28 src/system_stm32l1xx.o
 .debug_aranges
                0x000001c0       0xe8 src/uart.o
 .debug_aranges
                0x000002a8       0x28 startup/startup_stm32l152xe.o
 .debug_aranges
                0x000002d0       0xb0 C:\Directory\geng422\DevelopmentSystem\nucleo-l152re_hal_lib\Debug\libnucleo-l152re_hal_lib.a(stm32l1xx_hal.o)
 .debug_aranges
                0x00000380      0x118 C:\Directory\geng422\DevelopmentSystem\nucleo-l152re_hal_lib\Debug\libnucleo-l152re_hal_lib.a(stm32l1xx_hal_cortex.o)
 .debug_aranges
                0x00000498       0xf8 C:\Directory\geng422\DevelopmentSystem\nucleo-l152re_hal_lib\Debug\libnucleo-l152re_hal_lib.a(stm32l1xx_ll_utils.o)

.debug_ranges   0x00000000      0x4d8
 .debug_ranges  0x00000000       0x90 src/clock.o
 .debug_ranges  0x00000090       0x28 src/dbg.o
 .debug_ranges  0x000000b8       0x20 src/eprintf.o
 .debug_ranges  0x000000d8       0x30 src/i2c.o
 .debug_ranges  0x00000108       0x20 src/main.o
 .debug_ranges  0x00000128       0x10 src/stm32l1xx_it.o
 .debug_ranges  0x00000138       0x18 src/system_stm32l1xx.o
 .debug_ranges  0x00000150       0xd8 src/uart.o
 .debug_ranges  0x00000228       0x20 startup/startup_stm32l152xe.o
 .debug_ranges  0x00000248       0xa0 C:\Directory\geng422\DevelopmentSystem\nucleo-l152re_hal_lib\Debug\libnucleo-l152re_hal_lib.a(stm32l1xx_hal.o)
 .debug_ranges  0x000002e8      0x108 C:\Directory\geng422\DevelopmentSystem\nucleo-l152re_hal_lib\Debug\libnucleo-l152re_hal_lib.a(stm32l1xx_hal_cortex.o)
 .debug_ranges  0x000003f0       0xe8 C:\Directory\geng422\DevelopmentSystem\nucleo-l152re_hal_lib\Debug\libnucleo-l152re_hal_lib.a(stm32l1xx_ll_utils.o)

.debug_macro    0x00000000    0x1d8c1
 .debug_macro   0x00000000      0x48e src/clock.o
 .debug_macro   0x0000048e      0xa72 src/clock.o
 .debug_macro   0x00000f00       0x10 src/clock.o
 .debug_macro   0x00000f10       0x28 src/clock.o
 .debug_macro   0x00000f38       0x22 src/clock.o
 .debug_macro   0x00000f5a       0x22 src/clock.o
 .debug_macro   0x00000f7c       0x8e src/clock.o
 .debug_macro   0x0000100a       0x51 src/clock.o
 .debug_macro   0x0000105b       0xef src/clock.o
 .debug_macro   0x0000114a       0x6a src/clock.o
 .debug_macro   0x000011b4      0x1df src/clock.o
 .debug_macro   0x00001393       0x34 src/clock.o
 .debug_macro   0x000013c7       0x34 src/clock.o
 .debug_macro   0x000013fb      0xcb4 src/clock.o
 .debug_macro   0x000020af     0xbeb6 src/clock.o
 .debug_macro   0x0000df65       0x43 src/clock.o
 .debug_macro   0x0000dfa8      0x106 src/clock.o
 .debug_macro   0x0000e0ae     0x342b src/clock.o
 .debug_macro   0x000114d9       0x5e src/clock.o
 .debug_macro   0x00011537       0x18 src/clock.o
 .debug_macro   0x0001154f       0x35 src/clock.o
 .debug_macro   0x00011584       0x34 src/clock.o
 .debug_macro   0x000115b8       0x16 src/clock.o
 .debug_macro   0x000115ce       0x97 src/clock.o
 .debug_macro   0x00011665      0x330 src/clock.o
 .debug_macro   0x00011995       0xfd src/clock.o
 .debug_macro   0x00011a92       0x10 src/clock.o
 .debug_macro   0x00011aa2       0x58 src/clock.o
 .debug_macro   0x00011afa       0x1f src/clock.o
 .debug_macro   0x00011b19       0x43 src/clock.o
 .debug_macro   0x00011b5c       0x20 src/clock.o
 .debug_macro   0x00011b7c      0x18e src/clock.o
 .debug_macro   0x00011d0a       0x10 src/clock.o
 .debug_macro   0x00011d1a       0x1c src/clock.o
 .debug_macro   0x00011d36       0x52 src/clock.o
 .debug_macro   0x00011d88       0x40 src/clock.o
 .debug_macro   0x00011dc8       0x10 src/clock.o
 .debug_macro   0x00011dd8       0x40 src/clock.o
 .debug_macro   0x00011e18       0xd7 src/clock.o
 .debug_macro   0x00011eef       0x1c src/clock.o
 .debug_macro   0x00011f0b       0x3d src/clock.o
 .debug_macro   0x00011f48       0x16 src/clock.o
 .debug_macro   0x00011f5e      0x16f src/clock.o
 .debug_macro   0x000120cd       0x56 src/clock.o
 .debug_macro   0x00012123      0xe3e src/clock.o
 .debug_macro   0x00012f61      0x363 src/clock.o
 .debug_macro   0x000132c4      0x141 src/clock.o
 .debug_macro   0x00013405       0xc6 src/clock.o
 .debug_macro   0x000134cb      0x25d src/clock.o
 .debug_macro   0x00013728      0x23a src/clock.o
 .debug_macro   0x00013962      0x685 src/clock.o
 .debug_macro   0x00013fe7      0x16f src/clock.o
 .debug_macro   0x00014156      0x1fb src/clock.o
 .debug_macro   0x00014351       0xf0 src/clock.o
 .debug_macro   0x00014441       0x22 src/clock.o
 .debug_macro   0x00014463      0x117 src/clock.o
 .debug_macro   0x0001457a       0xac src/clock.o
 .debug_macro   0x00014626      0x113 src/clock.o
 .debug_macro   0x00014739      0x56c src/clock.o
 .debug_macro   0x00014ca5      0x225 src/clock.o
 .debug_macro   0x00014eca      0x199 src/clock.o
 .debug_macro   0x00015063       0x79 src/clock.o
 .debug_macro   0x000150dc      0x3d7 src/clock.o
 .debug_macro   0x000154b3      0x129 src/clock.o
 .debug_macro   0x000155dc       0x30 src/clock.o
 .debug_macro   0x0001560c      0x1ed src/clock.o
 .debug_macro   0x000157f9       0x22 src/clock.o
 .debug_macro   0x0001581b      0x28e src/clock.o
 .debug_macro   0x00015aa9      0x5d6 src/clock.o
 .debug_macro   0x0001607f      0x1ed src/clock.o
 .debug_macro   0x0001626c       0x1c src/clock.o
 .debug_macro   0x00016288      0x757 src/clock.o
 .debug_macro   0x000169df       0xac src/clock.o
 .debug_macro   0x00016a8b      0x287 src/clock.o
 .debug_macro   0x00016d12      0x233 src/clock.o
 .debug_macro   0x00016f45      0x1c3 src/clock.o
 .debug_macro   0x00017108      0x2f7 src/clock.o
 .debug_macro   0x000173ff       0x89 src/clock.o
 .debug_macro   0x00017488      0x281 src/clock.o
 .debug_macro   0x00017709      0x470 src/clock.o
 .debug_macro   0x00017b79      0x1a6 src/clock.o
 .debug_macro   0x00017d1f      0xd49 src/clock.o
 .debug_macro   0x00018a68      0x12d src/clock.o
 .debug_macro   0x00018b95      0x222 src/clock.o
 .debug_macro   0x00018db7      0x156 src/clock.o
 .debug_macro   0x00018f0d      0x16d src/clock.o
 .debug_macro   0x0001907a       0xd8 src/clock.o
 .debug_macro   0x00019152      0x33a src/clock.o
 .debug_macro   0x0001948c      0x48b src/clock.o
 .debug_macro   0x00019917      0x1b5 src/clock.o
 .debug_macro   0x00019acc       0x2a src/clock.o
 .debug_macro   0x00019af6       0x10 src/clock.o
 .debug_macro   0x00019b06      0x48d src/dbg.o
 .debug_macro   0x00019f93       0x1c src/dbg.o
 .debug_macro   0x00019faf      0x4c3 src/eprintf.o
 .debug_macro   0x0001a472       0x58 src/eprintf.o
 .debug_macro   0x0001a4ca       0x58 src/eprintf.o
 .debug_macro   0x0001a522       0x94 src/eprintf.o
 .debug_macro   0x0001a5b6      0x174 src/eprintf.o
 .debug_macro   0x0001a72a       0x57 src/eprintf.o
 .debug_macro   0x0001a781       0x10 src/eprintf.o
 .debug_macro   0x0001a791       0x35 src/eprintf.o
 .debug_macro   0x0001a7c6       0x1c src/eprintf.o
 .debug_macro   0x0001a7e2      0x494 src/i2c.o
 .debug_macro   0x0001ac76      0x4c7 src/main.o
 .debug_macro   0x0001b13d      0x41d src/stm32l1xx_it.o
 .debug_macro   0x0001b55a      0x419 src/system_stm32l1xx.o
 .debug_macro   0x0001b973      0x49a src/uart.o
 .debug_macro   0x0001be0d      0x437 C:\Directory\geng422\DevelopmentSystem\nucleo-l152re_hal_lib\Debug\libnucleo-l152re_hal_lib.a(stm32l1xx_hal.o)
 .debug_macro   0x0001c244      0xa5a C:\Directory\geng422\DevelopmentSystem\nucleo-l152re_hal_lib\Debug\libnucleo-l152re_hal_lib.a(stm32l1xx_hal.o)
 .debug_macro   0x0001cc9e       0x2e C:\Directory\geng422\DevelopmentSystem\nucleo-l152re_hal_lib\Debug\libnucleo-l152re_hal_lib.a(stm32l1xx_hal.o)
 .debug_macro   0x0001cccc      0x413 C:\Directory\geng422\DevelopmentSystem\nucleo-l152re_hal_lib\Debug\libnucleo-l152re_hal_lib.a(stm32l1xx_hal_cortex.o)
 .debug_macro   0x0001d0df      0x4bc C:\Directory\geng422\DevelopmentSystem\nucleo-l152re_hal_lib\Debug\libnucleo-l152re_hal_lib.a(stm32l1xx_ll_utils.o)
 .debug_macro   0x0001d59b      0x326 C:\Directory\geng422\DevelopmentSystem\nucleo-l152re_hal_lib\Debug\libnucleo-l152re_hal_lib.a(stm32l1xx_ll_utils.o)

.debug_line     0x00000000     0x8743
 .debug_line    0x00000000      0xd0b src/clock.o
 .debug_line    0x00000d0b      0xbee src/dbg.o
 .debug_line    0x000018f9      0xd1b src/eprintf.o
 .debug_line    0x00002614      0xc5c src/i2c.o
 .debug_line    0x00003270      0xc16 src/main.o
 .debug_line    0x00003e86      0xa47 src/stm32l1xx_it.o
 .debug_line    0x000048cd      0xa37 src/system_stm32l1xx.o
 .debug_line    0x00005304      0xe52 src/uart.o
 .debug_line    0x00006156       0x7d startup/startup_stm32l152xe.o
 .debug_line    0x000061d3      0xb64 C:\Directory\geng422\DevelopmentSystem\nucleo-l152re_hal_lib\Debug\libnucleo-l152re_hal_lib.a(stm32l1xx_hal.o)
 .debug_line    0x00006d37      0xd1c C:\Directory\geng422\DevelopmentSystem\nucleo-l152re_hal_lib\Debug\libnucleo-l152re_hal_lib.a(stm32l1xx_hal_cortex.o)
 .debug_line    0x00007a53      0xcf0 C:\Directory\geng422\DevelopmentSystem\nucleo-l152re_hal_lib\Debug\libnucleo-l152re_hal_lib.a(stm32l1xx_ll_utils.o)

.debug_str      0x00000000    0xb8ecf
 .debug_str     0x00000000    0xb6f5f src/clock.o
                              0xb77c7 (size before relaxing)
 .debug_str     0x000b6f5f      0x14b src/dbg.o
                              0xb76e6 (size before relaxing)
 .debug_str     0x000b70aa      0x21b src/eprintf.o
                              0xb778f (size before relaxing)
 .debug_str     0x000b72c5       0x9c src/i2c.o
                              0xb7689 (size before relaxing)
 .debug_str     0x000b7361       0xa8 src/main.o
                              0xb76e5 (size before relaxing)
 .debug_str     0x000b7409       0x38 src/stm32l1xx_it.o
                              0xa61c2 (size before relaxing)
 .debug_str     0x000b7441       0xd0 src/system_stm32l1xx.o
                              0xa62bf (size before relaxing)
 .debug_str     0x000b7511      0x670 src/uart.o
                              0xb7d71 (size before relaxing)
 .debug_str     0x000b7b81       0x2f startup/startup_stm32l152xe.o
                                 0x66 (size before relaxing)
 .debug_str     0x000b7bb0      0x2e7 C:\Directory\geng422\DevelopmentSystem\nucleo-l152re_hal_lib\Debug\libnucleo-l152re_hal_lib.a(stm32l1xx_hal.o)
                              0xa68f8 (size before relaxing)
 .debug_str     0x000b7e97      0x364 C:\Directory\geng422\DevelopmentSystem\nucleo-l152re_hal_lib\Debug\libnucleo-l152re_hal_lib.a(stm32l1xx_hal_cortex.o)
                              0xa6a36 (size before relaxing)
 .debug_str     0x000b81fb      0xcd4 C:\Directory\geng422\DevelopmentSystem\nucleo-l152re_hal_lib\Debug\libnucleo-l152re_hal_lib.a(stm32l1xx_ll_utils.o)
                              0xaa428 (size before relaxing)

.comment        0x00000000       0x7f
 .comment       0x00000000       0x7f src/clock.o
                                 0x80 (size before relaxing)
 .comment       0x0000007f       0x80 src/dbg.o
 .comment       0x0000007f       0x80 src/eprintf.o
 .comment       0x0000007f       0x80 src/i2c.o
 .comment       0x0000007f       0x80 src/main.o
 .comment       0x0000007f       0x80 src/stm32l1xx_it.o
 .comment       0x0000007f       0x80 src/system_stm32l1xx.o
 .comment       0x0000007f       0x80 src/uart.o
 .comment       0x0000007f       0x80 C:\Directory\geng422\DevelopmentSystem\nucleo-l152re_hal_lib\Debug\libnucleo-l152re_hal_lib.a(stm32l1xx_hal.o)
 .comment       0x0000007f       0x80 C:\Directory\geng422\DevelopmentSystem\nucleo-l152re_hal_lib\Debug\libnucleo-l152re_hal_lib.a(stm32l1xx_hal_cortex.o)
 .comment       0x0000007f       0x80 C:\Directory\geng422\DevelopmentSystem\nucleo-l152re_hal_lib\Debug\libnucleo-l152re_hal_lib.a(stm32l1xx_ll_utils.o)

.debug_frame    0x00000000     0x1650
 .debug_frame   0x00000000      0x26c src/clock.o
 .debug_frame   0x0000026c       0xa4 src/dbg.o
 .debug_frame   0x00000310       0x94 src/eprintf.o
 .debug_frame   0x000003a4       0xcc src/i2c.o
 .debug_frame   0x00000470       0x80 src/main.o
 .debug_frame   0x000004f0       0x2c src/stm32l1xx_it.o
 .debug_frame   0x0000051c       0x58 src/system_stm32l1xx.o
 .debug_frame   0x00000574      0x3fc src/uart.o
 .debug_frame   0x00000970      0x270 C:\Directory\geng422\DevelopmentSystem\nucleo-l152re_hal_lib\Debug\libnucleo-l152re_hal_lib.a(stm32l1xx_hal.o)
 .debug_frame   0x00000be0      0x498 C:\Directory\geng422\DevelopmentSystem\nucleo-l152re_hal_lib\Debug\libnucleo-l152re_hal_lib.a(stm32l1xx_hal_cortex.o)
 .debug_frame   0x00001078      0x3f8 C:\Directory\geng422\DevelopmentSystem\nucleo-l152re_hal_lib\Debug\libnucleo-l152re_hal_lib.a(stm32l1xx_ll_utils.o)
 .debug_frame   0x00001470       0x2c c:/ac6/systemworkbench/plugins/fr.ac6.mcu.externaltools.arm-none.win32_1.17.0.201812190825/tools/compiler/bin/../lib/gcc/arm-none-eabi/7.3.1/../../../../arm-none-eabi/lib/thumb/v7-m\libc.a(lib_a-init.o)
 .debug_frame   0x0000149c       0x20 c:/ac6/systemworkbench/plugins/fr.ac6.mcu.externaltools.arm-none.win32_1.17.0.201812190825/tools/compiler/bin/../lib/gcc/arm-none-eabi/7.3.1/../../../../arm-none-eabi/lib/thumb/v7-m\libc.a(lib_a-strlen-stub.o)
 .debug_frame   0x000014bc       0x5c c:/ac6/systemworkbench/plugins/fr.ac6.mcu.externaltools.arm-none.win32_1.17.0.201812190825/tools/compiler/bin/../lib/gcc/arm-none-eabi/7.3.1/../../../../arm-none-eabi/lib/thumb/v7-m\libc.a(lib_a-__call_atexit.o)
 .debug_frame   0x00001518       0x20 c:/ac6/systemworkbench/plugins/fr.ac6.mcu.externaltools.arm-none.win32_1.17.0.201812190825/tools/compiler/bin/../lib/gcc/arm-none-eabi/7.3.1/../../../../arm-none-eabi/lib/thumb/v7-m\libc.a(lib_a-atexit.o)
 .debug_frame   0x00001538       0x34 c:/ac6/systemworkbench/plugins/fr.ac6.mcu.externaltools.arm-none.win32_1.17.0.201812190825/tools/compiler/bin/../lib/gcc/arm-none-eabi/7.3.1/../../../../arm-none-eabi/lib/thumb/v7-m\libc.a(lib_a-fini.o)
 .debug_frame   0x0000156c       0xb0 c:/ac6/systemworkbench/plugins/fr.ac6.mcu.externaltools.arm-none.win32_1.17.0.201812190825/tools/compiler/bin/../lib/gcc/arm-none-eabi/7.3.1/../../../../arm-none-eabi/lib/thumb/v7-m\libc.a(lib_a-lock.o)
 .debug_frame   0x0000161c       0x34 c:/ac6/systemworkbench/plugins/fr.ac6.mcu.externaltools.arm-none.win32_1.17.0.201812190825/tools/compiler/bin/../lib/gcc/arm-none-eabi/7.3.1/../../../../arm-none-eabi/lib/thumb/v7-m\libc.a(lib_a-__atexit.o)
