Archive member included to satisfy reference by file (symbol)

C:\Directory\geng422\DevelopmentSystem\nucleo-l152re_hal_lib\Debug\libnucleo-l152re_hal_lib.a(stm32l1xx_hal.o)
                              src/stm32l1xx_it.o (HAL_IncTick)
C:\Directory\geng422\DevelopmentSystem\nucleo-l152re_hal_lib\Debug\libnucleo-l152re_hal_lib.a(stm32l1xx_hal_cortex.o)
                              C:\Directory\geng422\DevelopmentSystem\nucleo-l152re_hal_lib\Debug\libnucleo-l152re_hal_lib.a(stm32l1xx_hal.o) (HAL_NVIC_SetPriorityGrouping)
c:/ac6/systemworkbench/plugins/fr.ac6.mcu.externaltools.arm-none.win32_1.17.0.201812190825/tools/compiler/bin/../lib/gcc/arm-none-eabi/7.3.1/../../../../arm-none-eabi/lib/thumb/v7-m\libc.a(lib_a-errno.o)
                              src/syscalls.o (__errno)
c:/ac6/systemworkbench/plugins/fr.ac6.mcu.externaltools.arm-none.win32_1.17.0.201812190825/tools/compiler/bin/../lib/gcc/arm-none-eabi/7.3.1/../../../../arm-none-eabi/lib/thumb/v7-m\libc.a(lib_a-exit.o)
                              c:/ac6/systemworkbench/plugins/fr.ac6.mcu.externaltools.arm-none.win32_1.17.0.201812190825/tools/compiler/bin/../lib/gcc/arm-none-eabi/7.3.1/../../../../arm-none-eabi/lib/thumb/v7-m/crt0.o (exit)
c:/ac6/systemworkbench/plugins/fr.ac6.mcu.externaltools.arm-none.win32_1.17.0.201812190825/tools/compiler/bin/../lib/gcc/arm-none-eabi/7.3.1/../../../../arm-none-eabi/lib/thumb/v7-m\libc.a(lib_a-impure.o)
                              c:/ac6/systemworkbench/plugins/fr.ac6.mcu.externaltools.arm-none.win32_1.17.0.201812190825/tools/compiler/bin/../lib/gcc/arm-none-eabi/7.3.1/../../../../arm-none-eabi/lib/thumb/v7-m\libc.a(lib_a-exit.o) (_global_impure_ptr)
c:/ac6/systemworkbench/plugins/fr.ac6.mcu.externaltools.arm-none.win32_1.17.0.201812190825/tools/compiler/bin/../lib/gcc/arm-none-eabi/7.3.1/../../../../arm-none-eabi/lib/thumb/v7-m\libc.a(lib_a-init.o)
                              c:/ac6/systemworkbench/plugins/fr.ac6.mcu.externaltools.arm-none.win32_1.17.0.201812190825/tools/compiler/bin/../lib/gcc/arm-none-eabi/7.3.1/../../../../arm-none-eabi/lib/thumb/v7-m/crt0.o (__libc_init_array)
c:/ac6/systemworkbench/plugins/fr.ac6.mcu.externaltools.arm-none.win32_1.17.0.201812190825/tools/compiler/bin/../lib/gcc/arm-none-eabi/7.3.1/../../../../arm-none-eabi/lib/thumb/v7-m\libc.a(lib_a-memset.o)
                              c:/ac6/systemworkbench/plugins/fr.ac6.mcu.externaltools.arm-none.win32_1.17.0.201812190825/tools/compiler/bin/../lib/gcc/arm-none-eabi/7.3.1/../../../../arm-none-eabi/lib/thumb/v7-m/crt0.o (memset)
c:/ac6/systemworkbench/plugins/fr.ac6.mcu.externaltools.arm-none.win32_1.17.0.201812190825/tools/compiler/bin/../lib/gcc/arm-none-eabi/7.3.1/../../../../arm-none-eabi/lib/thumb/v7-m\libc.a(lib_a-__call_atexit.o)
                              c:/ac6/systemworkbench/plugins/fr.ac6.mcu.externaltools.arm-none.win32_1.17.0.201812190825/tools/compiler/bin/../lib/gcc/arm-none-eabi/7.3.1/../../../../arm-none-eabi/lib/thumb/v7-m\libc.a(lib_a-exit.o) (__call_exitprocs)
c:/ac6/systemworkbench/plugins/fr.ac6.mcu.externaltools.arm-none.win32_1.17.0.201812190825/tools/compiler/bin/../lib/gcc/arm-none-eabi/7.3.1/../../../../arm-none-eabi/lib/thumb/v7-m\libc.a(lib_a-atexit.o)
                              c:/ac6/systemworkbench/plugins/fr.ac6.mcu.externaltools.arm-none.win32_1.17.0.201812190825/tools/compiler/bin/../lib/gcc/arm-none-eabi/7.3.1/../../../../arm-none-eabi/lib/thumb/v7-m\libc.a(lib_a-__call_atexit.o) (atexit)
c:/ac6/systemworkbench/plugins/fr.ac6.mcu.externaltools.arm-none.win32_1.17.0.201812190825/tools/compiler/bin/../lib/gcc/arm-none-eabi/7.3.1/../../../../arm-none-eabi/lib/thumb/v7-m\libc.a(lib_a-fini.o)
                              c:/ac6/systemworkbench/plugins/fr.ac6.mcu.externaltools.arm-none.win32_1.17.0.201812190825/tools/compiler/bin/../lib/gcc/arm-none-eabi/7.3.1/../../../../arm-none-eabi/lib/thumb/v7-m\libc.a(lib_a-__call_atexit.o) (__libc_fini_array)
c:/ac6/systemworkbench/plugins/fr.ac6.mcu.externaltools.arm-none.win32_1.17.0.201812190825/tools/compiler/bin/../lib/gcc/arm-none-eabi/7.3.1/../../../../arm-none-eabi/lib/thumb/v7-m\libc.a(lib_a-lock.o)
                              c:/ac6/systemworkbench/plugins/fr.ac6.mcu.externaltools.arm-none.win32_1.17.0.201812190825/tools/compiler/bin/../lib/gcc/arm-none-eabi/7.3.1/../../../../arm-none-eabi/lib/thumb/v7-m\libc.a(lib_a-__call_atexit.o) (__retarget_lock_acquire_recursive)
c:/ac6/systemworkbench/plugins/fr.ac6.mcu.externaltools.arm-none.win32_1.17.0.201812190825/tools/compiler/bin/../lib/gcc/arm-none-eabi/7.3.1/../../../../arm-none-eabi/lib/thumb/v7-m\libc.a(lib_a-__atexit.o)
                              c:/ac6/systemworkbench/plugins/fr.ac6.mcu.externaltools.arm-none.win32_1.17.0.201812190825/tools/compiler/bin/../lib/gcc/arm-none-eabi/7.3.1/../../../../arm-none-eabi/lib/thumb/v7-m\libc.a(lib_a-atexit.o) (__register_exitproc)

Allocating common symbols
Common symbol       size              file

__lock___atexit_recursive_mutex
[...]
Memory Configuration

Name             Origin             Length             Attributes
FLASH            0x08000000         0x00080000         xr
RAM              0x20000000         0x00014000         xrw
MEMORY_B1        0x60000000         0x00000000         xr
*default*        0x00000000         0xffffffff

Linker script and memory map

LOAD c:/ac6/systemworkbench/plugins/fr.ac6.mcu.externaltools.arm-none.win32_1.17.0.201812190825/tools/compiler/bin/../lib/gcc/arm-none-eabi/7.3.1/thumb/v7-m/crti.o
LOAD c:/ac6/systemworkbench/plugins/fr.ac6.mcu.externaltools.arm-none.win32_1.17.0.201812190825/tools/compiler/bin/../lib/gcc/arm-none-eabi/7.3.1/thumb/v7-m/crtbegin.o
LOAD c:/ac6/systemworkbench/plugins/fr.ac6.mcu.externaltools.arm-none.win32_1.17.0.201812190825/tools/compiler/bin/../lib/gcc/arm-none-eabi/7.3.1/../../../../arm-none-eabi/lib/thumb/v7-m/crt0.o
LOAD src/main.o
LOAD src/stm32l1xx_it.o
LOAD src/syscalls.o
LOAD src/system_stm32l1xx.o
LOAD startup/startup_stm32l152xe.o
LOAD C:\Directory\geng422\DevelopmentSystem\nucleo-l152re_hal_lib\Debug\libnucleo-l152re_hal_lib.a
LOAD c:/ac6/systemworkbench/plugins/fr.ac6.mcu.externaltools.arm-none.win32_1.17.0.201812190825/tools/compiler/bin/../lib/gcc/arm-none-eabi/7.3.1/../../../../arm-none-eabi/lib/thumb/v7-m\libm.a
START GROUP
LOAD c:/ac6/systemworkbench/plugins/fr.ac6.mcu.externaltools.arm-none.win32_1.17.0.201812190825/tools/compiler/bin/../lib/gcc/arm-none-eabi/7.3.1/thumb/v7-m\libgcc.a
LOAD c:/ac6/systemworkbench/plugins/fr.ac6.mcu.externaltools.arm-none.win32_1.17.0.201812190825/tools/compiler/bin/../lib/gcc/arm-none-eabi/7.3.1/../../../../arm-none-eabi/lib/thumb/v7-m\libc.a
END GROUP
LOAD c:/ac6/systemworkbench/plugins/fr.ac6.mcu.externaltools.arm-none.win32_1.17.0.201812190825/tools/compiler/bin/../lib/gcc/arm-none-eabi/7.3.1/thumb/v7-m/crtend.o
LOAD c:/ac6/systemworkbench/plugins/fr.ac6.mcu.externaltools.arm-none.win32_1.17.0.201812190825/tools/compiler/bin/../lib/gcc/arm-none-eabi/7.3.1/thumb/v7-m/crtn.o
                0x20014000                _estack = 0x20014000
                0x00000200                _Min_Heap_Size = 0x200
                0x00000400                _Min_Stack_Size = 0x400

.isr_vector     0x08000000      0x13c
                0x08000000                . = ALIGN (0x4)
 *(.isr_vector)
 .isr_vector    0x08000000      0x13c startup/startup_stm32l152xe.o
                0x08000000                g_pfnVectors
                0x0800013c                . = ALIGN (0x4)

.text           0x0800013c      0x3bc
                0x0800013c                . = ALIGN (0x4)
 *(.text)
 .text          0x0800013c       0x40 c:/ac6/systemworkbench/plugins/fr.ac6.mcu.externaltools.arm-none.win32_1.17.0.201812190825/tools/compiler/bin/../lib/gcc/arm-none-eabi/7.3.1/thumb/v7-m/crtbegin.o
 *(.text*)
 .text.LL_AHB1_GRP1_EnableClock
                0x0800017c       0x30 src/main.o
 .text.LL_GPIO_SetPinMode
                0x080001ac       0x58 src/main.o
 .text.LL_GPIO_SetOutputPin
                0x08000204       0x1a src/main.o
 .text.LL_GPIO_TogglePin
                0x0800021e       0x20 src/main.o
 *fill*         0x0800023e        0x2 
 .text.main     0x08000240       0x44 src/main.o
                0x08000240                main
 .text.SysTick_Handler
                0x08000284       0x10 src/stm32l1xx_it.o
                0x08000284                SysTick_Handler
 .text.SystemInit
                0x08000294       0x68 src/system_stm32l1xx.o
                0x08000294                SystemInit
 .text.Reset_Handler
                0x080002fc       0x48 startup/startup_stm32l152xe.o
                0x080002fc                Reset_Handler
 .text.Default_Handler
                0x08000344        0x2 startup/startup_stm32l152xe.o
                0x08000344                RTC_Alarm_IRQHandler
                0x08000344                EXTI2_IRQHandler
                0x08000344                COMP_ACQ_IRQHandler
                0x08000344                DebugMon_Handler
                0x08000344                HardFault_Handler
                0x08000344                TIM10_IRQHandler
                0x08000344                USB_HP_IRQHandler
                0x08000344                TIM6_IRQHandler
                0x08000344                PVD_IRQHandler
                0x08000344                PendSV_Handler
                0x08000344                NMI_Handler
                0x08000344                EXTI3_IRQHandler
                0x08000344                EXTI0_IRQHandler
                0x08000344                I2C2_EV_IRQHandler
                0x08000344                UsageFault_Handler
                0x08000344                SPI1_IRQHandler
                0x08000344                USB_FS_WKUP_IRQHandler
                0x08000344                DMA2_Channel2_IRQHandler
                0x08000344                DMA1_Channel4_IRQHandler
                0x08000344                ADC1_IRQHandler
                0x08000344                USART3_IRQHandler
                0x08000344                DMA1_Channel7_IRQHandler
                0x08000344                LCD_IRQHandler
                0x08000344                UART5_IRQHandler
                0x08000344                TIM4_IRQHandler
                0x08000344                DMA2_Channel1_IRQHandler
                0x08000344                I2C1_EV_IRQHandler
                0x08000344                DMA1_Channel6_IRQHandler
                0x08000344                UART4_IRQHandler
                0x08000344                DMA2_Channel4_IRQHandler
                0x08000344                TIM3_IRQHandler
                0x08000344                RCC_IRQHandler
                0x08000344                DMA1_Channel1_IRQHandler
                0x08000344                Default_Handler
                0x08000344                EXTI15_10_IRQHandler
                0x08000344                TIM7_IRQHandler
                0x08000344                TIM5_IRQHandler
                0x08000344                EXTI9_5_IRQHandler
                0x08000344                TIM9_IRQHandler
                0x08000344                TAMPER_STAMP_IRQHandler
                0x08000344                RTC_WKUP_IRQHandler
                0x08000344                SPI2_IRQHandler
                0x08000344                MemManage_Handler
                0x08000344                SVC_Handler
                0x08000344                DMA2_Channel5_IRQHandler
                0x08000344                DMA1_Channel5_IRQHandler
                0x08000344                USB_LP_IRQHandler
                0x08000344                EXTI4_IRQHandler
                0x08000344                DMA1_Channel3_IRQHandler
                0x08000344                COMP_IRQHandler
                0x08000344                WWDG_IRQHandler
                0x08000344                TIM2_IRQHandler
                0x08000344                DAC_IRQHandler
                0x08000344                EXTI1_IRQHandler
                0x08000344                TIM11_IRQHandler
                0x08000344                USART2_IRQHandler
                0x08000344                I2C2_ER_IRQHandler
                0x08000344                DMA1_Channel2_IRQHandler
                0x08000344                FLASH_IRQHandler
                0x08000344                BusFault_Handler
                0x08000344                USART1_IRQHandler
                0x08000344                SPI3_IRQHandler
                0x08000344                I2C1_ER_IRQHandler
                0x08000344                DMA2_Channel3_IRQHandler
 *fill*         0x08000346        0x2 
 .text.HAL_IncTick
                0x08000348       0x1c C:\Directory\geng422\DevelopmentSystem\nucleo-l152re_hal_lib\Debug\libnucleo-l152re_hal_lib.a(stm32l1xx_hal.o)
                0x08000348                HAL_IncTick
 .text.HAL_SYSTICK_IRQHandler
                0x08000364        0xc C:\Directory\geng422\DevelopmentSystem\nucleo-l152re_hal_lib\Debug\libnucleo-l152re_hal_lib.a(stm32l1xx_hal_cortex.o)
                0x08000364                HAL_SYSTICK_IRQHandler
 .text.HAL_SYSTICK_Callback
                0x08000370        0xc C:\Directory\geng422\DevelopmentSystem\nucleo-l152re_hal_lib\Debug\libnucleo-l152re_hal_lib.a(stm32l1xx_hal_cortex.o)
                0x08000370                HAL_SYSTICK_Callback
 .text.__libc_init_array
                0x0800037c       0x48 c:/ac6/systemworkbench/plugins/fr.ac6.mcu.externaltools.arm-none.win32_1.17.0.201812190825/tools/compiler/bin/../lib/gcc/arm-none-eabi/7.3.1/../../../../arm-none-eabi/lib/thumb/v7-m\libc.a(lib_a-init.o)
                0x0800037c                __libc_init_array
 .text.startup.register_fini
                0x080003c4       0x14 c:/ac6/systemworkbench/plugins/fr.ac6.mcu.externaltools.arm-none.win32_1.17.0.201812190825/tools/compiler/bin/../lib/gcc/arm-none-eabi/7.3.1/../../../../arm-none-eabi/lib/thumb/v7-m\libc.a(lib_a-__call_atexit.o)
 .text.atexit   0x080003d8        0xc c:/ac6/systemworkbench/plugins/fr.ac6.mcu.externaltools.arm-none.win32_1.17.0.201812190825/tools/compiler/bin/../lib/gcc/arm-none-eabi/7.3.1/../../../../arm-none-eabi/lib/thumb/v7-m\libc.a(lib_a-atexit.o)
                0x080003d8                atexit
 .text.__libc_fini_array
                0x080003e4       0x34 c:/ac6/systemworkbench/plugins/fr.ac6.mcu.externaltools.arm-none.win32_1.17.0.201812190825/tools/compiler/bin/../lib/gcc/arm-none-eabi/7.3.1/../../../../arm-none-eabi/lib/thumb/v7-m\libc.a(lib_a-fini.o)
                0x080003e4                __libc_fini_array
 .text.__retarget_lock_acquire_recursive
                0x08000418        0x4 c:/ac6/systemworkbench/plugins/fr.ac6.mcu.externaltools.arm-none.win32_1.17.0.201812190825/tools/compiler/bin/../lib/gcc/arm-none-eabi/7.3.1/../../../../arm-none-eabi/lib/thumb/v7-m\libc.a(lib_a-lock.o)
                0x08000418                __retarget_lock_acquire_recursive
 .text.__retarget_lock_release_recursive
                0x0800041c        0x4 c:/ac6/systemworkbench/plugins/fr.ac6.mcu.externaltools.arm-none.win32_1.17.0.201812190825/tools/compiler/bin/../lib/gcc/arm-none-eabi/7.3.1/../../../../arm-none-eabi/lib/thumb/v7-m\libc.a(lib_a-lock.o)
                0x0800041c                __retarget_lock_release_recursive
 .text.__register_exitproc
                0x08000420       0xc0 c:/ac6/systemworkbench/plugins/fr.ac6.mcu.externaltools.arm-none.win32_1.17.0.201812190825/tools/compiler/bin/../lib/gcc/arm-none-eabi/7.3.1/../../../../arm-none-eabi/lib/thumb/v7-m\libc.a(lib_a-__atexit.o)
                0x08000420                __register_exitproc
 *(.glue_7)
 .glue_7        0x080004e0        0x0 linker stubs
 *(.glue_7t)
 .glue_7t       0x080004e0        0x0 linker stubs
 *(.eh_frame)
 .eh_frame      0x080004e0        0x0 c:/ac6/systemworkbench/plugins/fr.ac6.mcu.externaltools.arm-none.win32_1.17.0.201812190825/tools/compiler/bin/../lib/gcc/arm-none-eabi/7.3.1/thumb/v7-m/crtbegin.o
 *(.init)
 .init          0x080004e0        0x4 c:/ac6/systemworkbench/plugins/fr.ac6.mcu.externaltools.arm-none.win32_1.17.0.201812190825/tools/compiler/bin/../lib/gcc/arm-none-eabi/7.3.1/thumb/v7-m/crti.o
                0x080004e0                _init
 .init          0x080004e4        0x8 c:/ac6/systemworkbench/plugins/fr.ac6.mcu.externaltools.arm-none.win32_1.17.0.201812190825/tools/compiler/bin/../lib/gcc/arm-none-eabi/7.3.1/thumb/v7-m/crtn.o
 *(.fini)
 .fini          0x080004ec        0x4 c:/ac6/systemworkbench/plugins/fr.ac6.mcu.externaltools.arm-none.win32_1.17.0.201812190825/tools/compiler/bin/../lib/gcc/arm-none-eabi/7.3.1/thumb/v7-m/crti.o
                0x080004ec                _fini
 .fini          0x080004f0        0x8 c:/ac6/systemworkbench/plugins/fr.ac6.mcu.externaltools.arm-none.win32_1.17.0.201812190825/tools/compiler/bin/../lib/gcc/arm-none-eabi/7.3.1/thumb/v7-m/crtn.o
                0x080004f8                . = ALIGN (0x4)
                0x080004f8                _etext = .

.vfp11_veneer   0x080004f8        0x0
 .vfp11_veneer  0x080004f8        0x0 linker stubs

.v4_bx          0x080004f8        0x0
 .v4_bx         0x080004f8        0x0 linker stubs

.iplt           0x080004f8        0x0
 .iplt          0x080004f8        0x0 c:/ac6/systemworkbench/plugins/fr.ac6.mcu.externaltools.arm-none.win32_1.17.0.201812190825/tools/compiler/bin/../lib/gcc/arm-none-eabi/7.3.1/thumb/v7-m/crtbegin.o

.rodata         0x080004f8        0x4
                0x080004f8                . = ALIGN (0x4)
 *(.rodata)
 *(.rodata*)
 .rodata._global_impure_ptr
                0x080004f8        0x4 c:/ac6/systemworkbench/plugins/fr.ac6.mcu.externaltools.arm-none.win32_1.17.0.201812190825/tools/compiler/bin/../lib/gcc/arm-none-eabi/7.3.1/../../../../arm-none-eabi/lib/thumb/v7-m\libc.a(lib_a-impure.o)
                0x080004f8                _global_impure_ptr
                0x080004fc                . = ALIGN (0x4)

.rel.dyn        0x080004fc        0x0
 .rel.iplt      0x080004fc        0x0 c:/ac6/systemworkbench/plugins/fr.ac6.mcu.externaltools.arm-none.win32_1.17.0.201812190825/tools/compiler/bin/../lib/gcc/arm-none-eabi/7.3.1/thumb/v7-m/crtbegin.o

.ARM.extab
 *(.ARM.extab* .gnu.linkonce.armextab.*)

.ARM            0x080004fc        0x0
                0x080004fc                __exidx_start = .
 *(.ARM.exidx*)
                0x080004fc                __exidx_end = .

.preinit_array  0x080004fc        0x0
                0x080004fc                PROVIDE (__preinit_array_start = .)
 *(.preinit_array*)
                0x080004fc                PROVIDE (__preinit_array_end = .)

.init_array     0x080004fc        0x8
                0x080004fc                PROVIDE (__init_array_start = .)
 *(SORT_BY_NAME(.init_array.*))
 .init_array.00000
                0x080004fc        0x4 c:/ac6/systemworkbench/plugins/fr.ac6.mcu.externaltools.arm-none.win32_1.17.0.201812190825/tools/compiler/bin/../lib/gcc/arm-none-eabi/7.3.1/../../../../arm-none-eabi/lib/thumb/v7-m\libc.a(lib_a-__call_atexit.o)
 *(.init_array*)
 .init_array    0x08000500        0x4 c:/ac6/systemworkbench/plugins/fr.ac6.mcu.externaltools.arm-none.win32_1.17.0.201812190825/tools/compiler/bin/../lib/gcc/arm-none-eabi/7.3.1/thumb/v7-m/crtbegin.o
                0x08000504                PROVIDE (__init_array_end = .)

.fini_array     0x08000504        0x4
                0x08000504                PROVIDE (__fini_array_start = .)
 *(SORT_BY_NAME(.fini_array.*))
 *(.fini_array*)
 .fini_array    0x08000504        0x4 c:/ac6/systemworkbench/plugins/fr.ac6.mcu.externaltools.arm-none.win32_1.17.0.201812190825/tools/compiler/bin/../lib/gcc/arm-none-eabi/7.3.1/thumb/v7-m/crtbegin.o
                0x08000508                PROVIDE (__fini_array_end = .)
                0x08000508                _sidata = LOADADDR (.data)

.data           0x20000000      0x42c load address 0x08000508
                0x20000000                . = ALIGN (0x4)
                0x20000000                _sdata = .
 *(.data)
 *(.data*)
 .data.impure_data
                0x20000000      0x428 c:/ac6/systemworkbench/plugins/fr.ac6.mcu.externaltools.arm-none.win32_1.17.0.201812190825/tools/compiler/bin/../lib/gcc/arm-none-eabi/7.3.1/../../../../arm-none-eabi/lib/thumb/v7-m\libc.a(lib_a-impure.o)
 .data.__atexit_recursive_mutex
                0x20000428        0x4 c:/ac6/systemworkbench/plugins/fr.ac6.mcu.externaltools.arm-none.win32_1.17.0.201812190825/tools/compiler/bin/../lib/gcc/arm-none-eabi/7.3.1/../../../../arm-none-eabi/lib/thumb/v7-m\libc.a(lib_a-__call_atexit.o)
                0x20000428                __atexit_recursive_mutex
 *(.RamFunc)
                0x2000042c                . = ALIGN (0x4)
                0x2000042c                _edata = .

.igot.plt       0x2000042c        0x0 load address 0x08000934
 .igot.plt      0x2000042c        0x0 c:/ac6/systemworkbench/plugins/fr.ac6.mcu.externaltools.arm-none.win32_1.17.0.201812190825/tools/compiler/bin/../lib/gcc/arm-none-eabi/7.3.1/thumb/v7-m/crtbegin.o
                0x2000042c                . = ALIGN (0x4)

.bss            0x2000042c       0x44 load address 0x08000934
                0x2000042c                _sbss = .
                0x2000042c                __bss_start__ = _sbss
 *(.bss)
 .bss           0x2000042c       0x1c c:/ac6/systemworkbench/plugins/fr.ac6.mcu.externaltools.arm-none.win32_1.17.0.201812190825/tools/compiler/bin/../lib/gcc/arm-none-eabi/7.3.1/thumb/v7-m/crtbegin.o
 *(.bss*)
 *(COMMON)
 COMMON         0x20000448        0x4 C:\Directory\geng422\DevelopmentSystem\nucleo-l152re_hal_lib\Debug\libnucleo-l152re_hal_lib.a(stm32l1xx_hal.o)
                0x20000448                uwTick
 COMMON         0x2000044c       0x21 c:/ac6/systemworkbench/plugins/fr.ac6.mcu.externaltools.arm-none.win32_1.17.0.201812190825/tools/compiler/bin/../lib/gcc/arm-none-eabi/7.3.1/../../../../arm-none-eabi/lib/thumb/v7-m\libc.a(lib_a-lock.o)
                0x2000044c                __lock___atexit_recursive_mutex
                0x20000450                __lock___arc4random_mutex
                0x20000454                __lock___env_recursive_mutex
                0x20000458                __lock___sinit_recursive_mutex
                0x2000045c                __lock___malloc_recursive_mutex
                0x20000460                __lock___at_quick_exit_mutex
                0x20000464                __lock___dd_hash_mutex
                0x20000468                __lock___tz_mutex
                0x2000046c                __lock___sfp_recursive_mutex
                0x20000470                . = ALIGN (0x4)
 *fill*         0x2000046d        0x3 
                0x20000470                _ebss = .
                0x20000470                __bss_end__ = _ebss

._user_heap_stack
                0x20000470      0x600 load address 0x08000934
                0x20000470                . = ALIGN (0x8)
                0x20000470                PROVIDE (end = .)
                [!provide]                PROVIDE (_end = .)
                0x20000670                . = (. + _Min_Heap_Size)
 *fill*         0x20000470      0x200 
                0x20000a70                . = (. + _Min_Stack_Size)
 *fill*         0x20000670      0x400 
                0x20000a70                . = ALIGN (0x8)

.memory_b1_text
 *(.mb1text)
 *(.mb1text*)
 *(.mb1rodata)
 *(.mb1rodata*)

/DISCARD/
 libc.a(*)
 libm.a(*)
 libgcc.a(*)

.ARM.attributes
                0x00000000       0x29
 *(.ARM.attributes)
 .ARM.attributes
                0x00000000       0x1d c:/ac6/systemworkbench/plugins/fr.ac6.mcu.externaltools.arm-none.win32_1.17.0.201812190825/tools/compiler/bin/../lib/gcc/arm-none-eabi/7.3.1/thumb/v7-m/crti.o
 .ARM.attributes
                0x0000001d       0x2d c:/ac6/systemworkbench/plugins/fr.ac6.mcu.externaltools.arm-none.win32_1.17.0.201812190825/tools/compiler/bin/../lib/gcc/arm-none-eabi/7.3.1/thumb/v7-m/crtbegin.o
 .ARM.attributes
                0x0000004a       0x33 src/main.o
 .ARM.attributes
                0x0000007d       0x33 src/stm32l1xx_it.o
 .ARM.attributes
                0x000000b0       0x33 src/system_stm32l1xx.o
 .ARM.attributes
                0x000000e3       0x21 startup/startup_stm32l152xe.o
 .ARM.attributes
                0x00000104       0x33 C:\Directory\geng422\DevelopmentSystem\nucleo-l152re_hal_lib\Debug\libnucleo-l152re_hal_lib.a(stm32l1xx_hal.o)
 .ARM.attributes
                0x00000137       0x33 C:\Directory\geng422\DevelopmentSystem\nucleo-l152re_hal_lib\Debug\libnucleo-l152re_hal_lib.a(stm32l1xx_hal_cortex.o)
 .ARM.attributes
                0x0000016a       0x2d c:/ac6/systemworkbench/plugins/fr.ac6.mcu.externaltools.arm-none.win32_1.17.0.201812190825/tools/compiler/bin/../lib/gcc/arm-none-eabi/7.3.1/../../../../arm-none-eabi/lib/thumb/v7-m\libc.a(lib_a-impure.o)
 .ARM.attributes
                0x00000197       0x2d c:/ac6/systemworkbench/plugins/fr.ac6.mcu.externaltools.arm-none.win32_1.17.0.201812190825/tools/compiler/bin/../lib/gcc/arm-none-eabi/7.3.1/../../../../arm-none-eabi/lib/thumb/v7-m\libc.a(lib_a-init.o)
 .ARM.attributes
                0x000001c4       0x2d c:/ac6/systemworkbench/plugins/fr.ac6.mcu.externaltools.arm-none.win32_1.17.0.201812190825/tools/compiler/bin/../lib/gcc/arm-none-eabi/7.3.1/../../../../arm-none-eabi/lib/thumb/v7-m\libc.a(lib_a-__call_atexit.o)
 .ARM.attributes
                0x000001f1       0x2d c:/ac6/systemworkbench/plugins/fr.ac6.mcu.externaltools.arm-none.win32_1.17.0.201812190825/tools/compiler/bin/../lib/gcc/arm-none-eabi/7.3.1/../../../../arm-none-eabi/lib/thumb/v7-m\libc.a(lib_a-atexit.o)
 .ARM.attributes
                0x0000021e       0x2d c:/ac6/systemworkbench/plugins/fr.ac6.mcu.externaltools.arm-none.win32_1.17.0.201812190825/tools/compiler/bin/../lib/gcc/arm-none-eabi/7.3.1/../../../../arm-none-eabi/lib/thumb/v7-m\libc.a(lib_a-fini.o)
 .ARM.attributes
                0x0000024b       0x2d c:/ac6/systemworkbench/plugins/fr.ac6.mcu.externaltools.arm-none.win32_1.17.0.201812190825/tools/compiler/bin/../lib/gcc/arm-none-eabi/7.3.1/../../../../arm-none-eabi/lib/thumb/v7-m\libc.a(lib_a-lock.o)
 .ARM.attributes
                0x00000278       0x2d c:/ac6/systemworkbench/plugins/fr.ac6.mcu.externaltools.arm-none.win32_1.17.0.201812190825/tools/compiler/bin/../lib/gcc/arm-none-eabi/7.3.1/../../../../arm-none-eabi/lib/thumb/v7-m\libc.a(lib_a-__atexit.o)
 .ARM.attributes
                0x000002a5       0x1d c:/ac6/systemworkbench/plugins/fr.ac6.mcu.externaltools.arm-none.win32_1.17.0.201812190825/tools/compiler/bin/../lib/gcc/arm-none-eabi/7.3.1/thumb/v7-m/crtn.o
OUTPUT(Session1.elf elf32-littlearm)

.debug_info     0x00000000     0x46ef
 .debug_info    0x00000000      0xc6c src/main.o
 .debug_info    0x00000c6c      0x96d src/stm32l1xx_it.o
 .debug_info    0x000015d9      0xc71 src/system_stm32l1xx.o
 .debug_info    0x0000224a       0x22 startup/startup_stm32l152xe.o
 .debug_info    0x0000226c      0xf05 C:\Directory\geng422\DevelopmentSystem\nucleo-l152re_hal_lib\Debug\libnucleo-l152re_hal_lib.a(stm32l1xx_hal.o)
 .debug_info    0x00003171     0x157e C:\Directory\geng422\DevelopmentSystem\nucleo-l152re_hal_lib\Debug\libnucleo-l152re_hal_lib.a(stm32l1xx_hal_cortex.o)

.debug_abbrev   0x00000000      0xc6c
 .debug_abbrev  0x00000000      0x296 src/main.o
 .debug_abbrev  0x00000296      0x1b1 src/stm32l1xx_it.o
 .debug_abbrev  0x00000447      0x205 src/system_stm32l1xx.o
 .debug_abbrev  0x0000064c       0x12 startup/startup_stm32l152xe.o
 .debug_abbrev  0x0000065e      0x2a3 C:\Directory\geng422\DevelopmentSystem\nucleo-l152re_hal_lib\Debug\libnucleo-l152re_hal_lib.a(stm32l1xx_hal.o)
 .debug_abbrev  0x00000901      0x36b C:\Directory\geng422\DevelopmentSystem\nucleo-l152re_hal_lib\Debug\libnucleo-l152re_hal_lib.a(stm32l1xx_hal_cortex.o)

.debug_aranges  0x00000000      0x278
 .debug_aranges
                0x00000000       0x40 src/main.o
 .debug_aranges
                0x00000040       0x20 src/stm32l1xx_it.o
 .debug_aranges
                0x00000060       0x28 src/system_stm32l1xx.o
 .debug_aranges
                0x00000088       0x28 startup/startup_stm32l152xe.o
 .debug_aranges
                0x000000b0       0xb0 C:\Directory\geng422\DevelopmentSystem\nucleo-l152re_hal_lib\Debug\libnucleo-l152re_hal_lib.a(stm32l1xx_hal.o)
 .debug_aranges
                0x00000160      0x118 C:\Directory\geng422\DevelopmentSystem\nucleo-l152re_hal_lib\Debug\libnucleo-l152re_hal_lib.a(stm32l1xx_hal_cortex.o)

.debug_ranges   0x00000000      0x220
 .debug_ranges  0x00000000       0x30 src/main.o
 .debug_ranges  0x00000030       0x10 src/stm32l1xx_it.o
 .debug_ranges  0x00000040       0x18 src/system_stm32l1xx.o
 .debug_ranges  0x00000058       0x20 startup/startup_stm32l152xe.o
 .debug_ranges  0x00000078       0xa0 C:\Directory\geng422\DevelopmentSystem\nucleo-l152re_hal_lib\Debug\libnucleo-l152re_hal_lib.a(stm32l1xx_hal.o)
 .debug_ranges  0x00000118      0x108 C:\Directory\geng422\DevelopmentSystem\nucleo-l152re_hal_lib\Debug\libnucleo-l152re_hal_lib.a(stm32l1xx_hal_cortex.o)

.debug_macro    0x00000000    0x19a46
 .debug_macro   0x00000000      0x43a src/main.o
 .debug_macro   0x0000043a      0xa72 src/main.o
 .debug_macro   0x00000eac       0x28 src/main.o
 .debug_macro   0x00000ed4       0x22 src/main.o
 .debug_macro   0x00000ef6       0x22 src/main.o
 .debug_macro   0x00000f18       0x8e src/main.o
 .debug_macro   0x00000fa6       0x51 src/main.o
 .debug_macro   0x00000ff7       0xef src/main.o
 .debug_macro   0x000010e6       0x6a src/main.o
 .debug_macro   0x00001150      0x1df src/main.o
 .debug_macro   0x0000132f       0x34 src/main.o
 .debug_macro   0x00001363       0x34 src/main.o
 .debug_macro   0x00001397      0xcb4 src/main.o
 .debug_macro   0x0000204b     0xbeb6 src/main.o
 .debug_macro   0x0000df01       0x43 src/main.o
 .debug_macro   0x0000df44      0x106 src/main.o
 .debug_macro   0x0000e04a     0x342b src/main.o
 .debug_macro   0x00011475       0x5e src/main.o
 .debug_macro   0x000114d3       0x18 src/main.o
 .debug_macro   0x000114eb       0x35 src/main.o
 .debug_macro   0x00011520       0x34 src/main.o
 .debug_macro   0x00011554       0x16 src/main.o
 .debug_macro   0x0001156a       0x97 src/main.o
 .debug_macro   0x00011601      0x330 src/main.o
 .debug_macro   0x00011931       0xfd src/main.o
 .debug_macro   0x00011a2e       0x10 src/main.o
 .debug_macro   0x00011a3e       0x58 src/main.o
 .debug_macro   0x00011a96       0x1f src/main.o
 .debug_macro   0x00011ab5       0x43 src/main.o
 .debug_macro   0x00011af8       0x20 src/main.o
 .debug_macro   0x00011b18      0x18e src/main.o
 .debug_macro   0x00011ca6       0x10 src/main.o
 .debug_macro   0x00011cb6       0x1c src/main.o
 .debug_macro   0x00011cd2       0x52 src/main.o
 .debug_macro   0x00011d24       0x40 src/main.o
 .debug_macro   0x00011d64       0x10 src/main.o
 .debug_macro   0x00011d74       0x40 src/main.o
 .debug_macro   0x00011db4       0xd7 src/main.o
 .debug_macro   0x00011e8b       0x1c src/main.o
 .debug_macro   0x00011ea7       0x3d src/main.o
 .debug_macro   0x00011ee4       0x16 src/main.o
 .debug_macro   0x00011efa      0x16f src/main.o
 .debug_macro   0x00012069       0x56 src/main.o
 .debug_macro   0x000120bf      0xe3e src/main.o
 .debug_macro   0x00012efd      0x363 src/main.o
 .debug_macro   0x00013260      0x141 src/main.o
 .debug_macro   0x000133a1       0xc6 src/main.o
 .debug_macro   0x00013467      0x25d src/main.o
 .debug_macro   0x000136c4      0x23a src/main.o
 .debug_macro   0x000138fe      0x685 src/main.o
 .debug_macro   0x00013f83      0x16f src/main.o
 .debug_macro   0x000140f2      0x1fb src/main.o
 .debug_macro   0x000142ed       0xf0 src/main.o
 .debug_macro   0x000143dd       0x22 src/main.o
 .debug_macro   0x000143ff      0x117 src/main.o
 .debug_macro   0x00014516       0xac src/main.o
 .debug_macro   0x000145c2      0x113 src/main.o
 .debug_macro   0x000146d5      0x56c src/main.o
 .debug_macro   0x00014c41      0x225 src/main.o
 .debug_macro   0x00014e66      0x199 src/main.o
 .debug_macro   0x00014fff       0x79 src/main.o
 .debug_macro   0x00015078      0x3d7 src/main.o
 .debug_macro   0x0001544f      0x129 src/main.o
 .debug_macro   0x00015578       0x30 src/main.o
 .debug_macro   0x000155a8      0x1ed src/main.o
 .debug_macro   0x00015795       0x22 src/main.o
 .debug_macro   0x000157b7      0x28e src/main.o
 .debug_macro   0x00015a45      0x5d6 src/main.o
 .debug_macro   0x0001601b      0x1ed src/main.o
 .debug_macro   0x00016208       0x1c src/main.o
 .debug_macro   0x00016224      0x757 src/main.o
 .debug_macro   0x0001697b       0xac src/main.o
 .debug_macro   0x00016a27      0x287 src/main.o
 .debug_macro   0x00016cae      0x233 src/main.o
 .debug_macro   0x00016ee1      0x1c3 src/main.o
 .debug_macro   0x000170a4      0x2f7 src/main.o
 .debug_macro   0x0001739b       0x89 src/main.o
 .debug_macro   0x00017424      0x281 src/main.o
 .debug_macro   0x000176a5      0x470 src/main.o
 .debug_macro   0x00017b15      0x1a6 src/main.o
 .debug_macro   0x00017cbb      0x12d src/main.o
 .debug_macro   0x00017de8      0x156 src/main.o
 .debug_macro   0x00017f3e      0x41d src/stm32l1xx_it.o
 .debug_macro   0x0001835b      0x419 src/system_stm32l1xx.o
 .debug_macro   0x00018774      0x437 C:\Directory\geng422\DevelopmentSystem\nucleo-l152re_hal_lib\Debug\libnucleo-l152re_hal_lib.a(stm32l1xx_hal.o)
 .debug_macro   0x00018bab      0xa5a C:\Directory\geng422\DevelopmentSystem\nucleo-l152re_hal_lib\Debug\libnucleo-l152re_hal_lib.a(stm32l1xx_hal.o)
 .debug_macro   0x00019605       0x2e C:\Directory\geng422\DevelopmentSystem\nucleo-l152re_hal_lib\Debug\libnucleo-l152re_hal_lib.a(stm32l1xx_hal.o)
 .debug_macro   0x00019633      0x413 C:\Directory\geng422\DevelopmentSystem\nucleo-l152re_hal_lib\Debug\libnucleo-l152re_hal_lib.a(stm32l1xx_hal_cortex.o)

.debug_line     0x00000000     0x388c
 .debug_line    0x00000000      0xb12 src/main.o
 .debug_line    0x00000b12      0xa46 src/stm32l1xx_it.o
 .debug_line    0x00001558      0xa37 src/system_stm32l1xx.o
 .debug_line    0x00001f8f       0x7d startup/startup_stm32l152xe.o
 .debug_line    0x0000200c      0xb64 C:\Directory\geng422\DevelopmentSystem\nucleo-l152re_hal_lib\Debug\libnucleo-l152re_hal_lib.a(stm32l1xx_hal.o)
 .debug_line    0x00002b70      0xd1c C:\Directory\geng422\DevelopmentSystem\nucleo-l152re_hal_lib\Debug\libnucleo-l152re_hal_lib.a(stm32l1xx_hal_cortex.o)

.debug_str      0x00000000    0xa85a2
 .debug_str     0x00000000    0xa7a05 src/main.o
                              0xa7d19 (size before relaxing)
 .debug_str     0x000a7a05       0x38 src/stm32l1xx_it.o
                              0xa61c1 (size before relaxing)
 .debug_str     0x000a7a3d       0xd0 src/system_stm32l1xx.o
                              0xa62be (size before relaxing)
 .debug_str     0x000a7b0d       0x2f startup/startup_stm32l152xe.o
                                 0x65 (size before relaxing)
 .debug_str     0x000a7b3c      0x696 C:\Directory\geng422\DevelopmentSystem\nucleo-l152re_hal_lib\Debug\libnucleo-l152re_hal_lib.a(stm32l1xx_hal.o)
                              0xa68f8 (size before relaxing)
 .debug_str     0x000a81d2      0x3d0 C:\Directory\geng422\DevelopmentSystem\nucleo-l152re_hal_lib\Debug\libnucleo-l152re_hal_lib.a(stm32l1xx_hal_cortex.o)
                              0xa6a36 (size before relaxing)

.comment        0x00000000       0x7f
 .comment       0x00000000       0x7f src/main.o
                                 0x80 (size before relaxing)
 .comment       0x0000007f       0x80 src/stm32l1xx_it.o
 .comment       0x0000007f       0x80 src/system_stm32l1xx.o
 .comment       0x0000007f       0x80 C:\Directory\geng422\DevelopmentSystem\nucleo-l152re_hal_lib\Debug\libnucleo-l152re_hal_lib.a(stm32l1xx_hal.o)
 .comment       0x0000007f       0x80 C:\Directory\geng422\DevelopmentSystem\nucleo-l152re_hal_lib\Debug\libnucleo-l152re_hal_lib.a(stm32l1xx_hal_cortex.o)

.debug_frame    0x00000000      0xa1c
 .debug_frame   0x00000000       0xd0 src/main.o
 .debug_frame   0x000000d0       0x2c src/stm32l1xx_it.o
 .debug_frame   0x000000fc       0x58 src/system_stm32l1xx.o
 .debug_frame   0x00000154      0x270 C:\Directory\geng422\DevelopmentSystem\nucleo-l152re_hal_lib\Debug\libnucleo-l152re_hal_lib.a(stm32l1xx_hal.o)
 .debug_frame   0x000003c4      0x498 C:\Directory\geng422\DevelopmentSystem\nucleo-l152re_hal_lib\Debug\libnucleo-l152re_hal_lib.a(stm32l1xx_hal_cortex.o)
 .debug_frame   0x0000085c       0x2c c:/ac6/systemworkbench/plugins/fr.ac6.mcu.externaltools.arm-none.win32_1.17.0.201812190825/tools/compiler/bin/../lib/gcc/arm-none-eabi/7.3.1/../../../../arm-none-eabi/lib/thumb/v7-m\libc.a(lib_a-init.o)
 .debug_frame   0x00000888       0x5c c:/ac6/systemworkbench/plugins/fr.ac6.mcu.externaltools.arm-none.win32_1.17.0.201812190825/tools/compiler/bin/../lib/gcc/arm-none-eabi/7.3.1/../../../../arm-none-eabi/lib/thumb/v7-m\libc.a(lib_a-__call_atexit.o)
 .debug_frame   0x000008e4       0x20 c:/ac6/systemworkbench/plugins/fr.ac6.mcu.externaltools.arm-none.win32_1.17.0.201812190825/tools/compiler/bin/../lib/gcc/arm-none-eabi/7.3.1/../../../../arm-none-eabi/lib/thumb/v7-m\libc.a(lib_a-atexit.o)
 .debug_frame   0x00000904       0x34 c:/ac6/systemworkbench/plugins/fr.ac6.mcu.externaltools.arm-none.win32_1.17.0.201812190825/tools/compiler/bin/../lib/gcc/arm-none-eabi/7.3.1/../../../../arm-none-eabi/lib/thumb/v7-m\libc.a(lib_a-fini.o)
 .debug_frame   0x00000938       0xb0 c:/ac6/systemworkbench/plugins/fr.ac6.mcu.externaltools.arm-none.win32_1.17.0.201812190825/tools/compiler/bin/../lib/gcc/arm-none-eabi/7.3.1/../../../../arm-none-eabi/lib/thumb/v7-m\libc.a(lib_a-lock.o)
 .debug_frame   0x000009e8       0x34 c:/ac6/systemworkbench/plugins/fr.ac6.mcu.externaltools.arm-none.win32_1.17.0.201812190825/tools/compiler/bin/../lib/gcc/arm-none-eabi/7.3.1/../../../../arm-none-eabi/lib/thumb/v7-m\libc.a(lib_a-__atexit.o)
